Component: Arm Compiler for Embedded 6.22 Tool: armlink [5ee90200]

==============================================================================

Section Cross References

    startup_lpc17xx.o(STACK) refers (Special) to heapauxi.o(.text) for __use_two_region_memory
    startup_lpc17xx.o(HEAP) refers (Special) to heapauxi.o(.text) for __use_two_region_memory
    startup_lpc17xx.o(RESET) refers (Special) to heapauxi.o(.text) for __use_two_region_memory
    startup_lpc17xx.o(RESET) refers to startup_lpc17xx.o(STACK) for __initial_sp
    startup_lpc17xx.o(RESET) refers to startup_lpc17xx.o(.text) for Reset_Handler
    startup_lpc17xx.o(RESET) refers to irq_timer.o(.text) for TIMER0_IRQHandler
    startup_lpc17xx.o(RESET) refers to irq_button.o(.text) for EINT0_IRQHandler
    startup_lpc17xx.o(RESET) refers to irq_adc.o(.text) for ADC_IRQHandler
    startup_lpc17xx.o(RESET) refers to irq_can.o(.text) for CAN_IRQHandler
    startup_lpc17xx.o(RESET) refers to irq_rit.o(.text) for RIT_IRQHandler
    startup_lpc17xx.o(.ARM.__at_0x02FC) refers (Special) to heapauxi.o(.text) for __use_two_region_memory
    startup_lpc17xx.o(.text) refers (Special) to heapauxi.o(.text) for __use_two_region_memory
    startup_lpc17xx.o(.text) refers to __main.o(!!!main) for __main
    startup_lpc17xx.o(.text) refers to startup_lpc17xx.o(HEAP) for Heap_Mem
    startup_lpc17xx.o(.text) refers to startup_lpc17xx.o(STACK) for Stack_Mem
    sample.o(.text) refers to system_lpc17xx.o(.text) for SystemInit
    sample.o(.text) refers to rand.o(.text) for srand
    sample.o(.text) refers to configuraion.o(.bss.player) for player
    sample.o(.text) refers to configuraion.o(.bss.blinky) for blinky
    sample.o(.text) refers to rand.o(.emb_text) for rand
    sample.o(.text) refers to configuraion.o(.data.TIMER) for TIMER
    sample.o(.text) refers to configuraion.o(.bss.SPAWN_TIME) for SPAWN_TIME
    sample.o(.text) refers to glcd.o(.text) for LCD_Initialization
    sample.o(.text) refers to lib_joystick.o(.text) for joystick_init
    sample.o(.text) refers to lib_rit.o(.text) for init_RIT
    sample.o(.text) refers to lib_timer.o(.text) for init_timer
    sample.o(.text) refers to game_graphics.o(.text) for DrawMaze
    sample.o(.text) refers to configuraion.o(.text) for insertPowerPill
    sample.o(.text) refers to sample.o(.rodata.str1.1) for .L.str
    sample.o(.text) refers to configuraion.o(.data.LIVES) for LIVES
    sample.o(.text) refers to lib_button.o(.text) for BUTTON_init
    sample.o(.text) refers to lib_can.o(.text) for CAN_Init
    sample.o(.text) refers to lib_adc.o(.text) for ADC_init
    sample.o(.ARM.exidx) refers to sample.o(.text) for [Anonymous Symbol]
    system_lpc17xx.o(.text) refers to system_lpc17xx.o(.data.SystemFrequency) for SystemFrequency
    system_lpc17xx.o(.ARM.exidx) refers to system_lpc17xx.o(.text) for [Anonymous Symbol]
    irq_timer.o(.text) refers to configuraion.o(.bss.player) for player
    irq_timer.o(.text) refers to configuraion.o(.text) for UpdatePacman
    irq_timer.o(.text) refers to irq_timer.o(.bss.invincibility) for invincibility
    irq_timer.o(.text) refers to configuraion.o(.bss.blinky) for blinky
    irq_timer.o(.text) refers to irq_timer.o(.bss.hard) for hard
    irq_timer.o(.text) refers to configuraion.o(.bss.respawnMode) for respawnMode
    irq_timer.o(.text) refers to configuraion.o(.data.LIVES) for LIVES
    irq_timer.o(.text) refers to configuraion.o(.data.TIMER) for TIMER
    irq_timer.o(.text) refers to lib_can.o(.bss.CAN_TxMsg) for CAN_TxMsg
    irq_timer.o(.text) refers to configuraion.o(.bss.SCORE) for SCORE
    irq_timer.o(.text) refers to lib_can.o(.text) for CAN_wrMsg
    irq_timer.o(.text) refers to configuraion.o(.bss.SPAWN_TIME) for SPAWN_TIME
    irq_timer.o(.text) refers to rand.o(.emb_text) for rand
    irq_timer.o(.text) refers to configuraion.o(.bss.ghostMode) for ghostMode
    irq_timer.o(.text) refers to configuraion.o(.data.ghostTimer) for ghostTimer
    irq_timer.o(.text) refers to configuraion.o(.data.respawnTimer) for respawnTimer
    irq_timer.o(.text) refers to irq_timer.o(.data.invTimer) for invTimer
    irq_timer.o(.text) refers to irq_timer.o(.bss.TIMER2_IRQHandler.sineticks) for TIMER2_IRQHandler.sineticks
    irq_timer.o(.text) refers to irq_timer.o(.data.SinTable) for SinTable
    irq_timer.o(.text) refers to irq_timer.o(.bss.TIMER2_IRQHandler.currentValue) for TIMER2_IRQHandler.currentValue
    irq_timer.o(.text) refers to lib_timer.o(.text) for disable_timer
    irq_timer.o(.ARM.exidx) refers to irq_timer.o(.text) for [Anonymous Symbol]
    lib_timer.o(.ARM.exidx) refers to lib_timer.o(.text) for [Anonymous Symbol]
    asciilib.o(.text) refers to asciilib.o(.rodata.AsciiLib) for AsciiLib
    asciilib.o(.ARM.exidx) refers to asciilib.o(.text) for [Anonymous Symbol]
    glcd.o(.text) refers to glcd.o(.bss.LCD_Code) for LCD_Code
[...]
    x$fpl$printf2                            0x0000b85e   Section        4  printf2.o(x$fpl$printf2)
    x$fpl$retnan                             0x0000b862   Section      100  retnan.o(x$fpl$retnan)
    x$fpl$scalbn                             0x0000b8c6   Section       92  scalbn.o(x$fpl$scalbn)
    x$fpl$trapveneer                         0x0000b922   Section       48  trapv.o(x$fpl$trapveneer)
    x$fpl$usenofp                            0x0000b952   Section        0  usenofp.o(x$fpl$usenofp)
    bp                                       0x0000b958   Data          16  pow.o(.constdata)
    .constdata                               0x0000b958   Section      136  pow.o(.constdata)
    dp_h                                     0x0000b968   Data          16  pow.o(.constdata)
    dp_l                                     0x0000b978   Data          16  pow.o(.constdata)
    L                                        0x0000b988   Data          48  pow.o(.constdata)
    P                                        0x0000b9b8   Data          40  pow.o(.constdata)
    initial_mbstate                          0x0000b9e0   Data           8  _printf_wctomb.o(.constdata)
    .constdata                               0x0000b9e0   Section        8  _printf_wctomb.o(.constdata)
    uc_hextab                                0x0000b9e8   Data          20  _printf_hex_int_ll_ptr.o(.constdata)
    .constdata                               0x0000b9e8   Section       40  _printf_hex_int_ll_ptr.o(.constdata)
    lc_hextab                                0x0000b9fc   Data          20  _printf_hex_int_ll_ptr.o(.constdata)
    maptable                                 0x0000ba10   Data          17  __printf_flags_ss_wp.o(.constdata)
    .constdata                               0x0000ba10   Section       17  __printf_flags_ss_wp.o(.constdata)
    .constdata                               0x0000ba28   Section        8  qnan.o(.constdata)
    lc_hextab                                0x0000ba30   Data          19  _printf_fp_hex.o(.constdata)
    .constdata                               0x0000ba30   Section       38  _printf_fp_hex.o(.constdata)
    uc_hextab                                0x0000ba43   Data          19  _printf_fp_hex.o(.constdata)
    tenpwrs_x                                0x0000ba58   Data          60  bigflt0.o(.constdata)
    .constdata                               0x0000ba58   Section      148  bigflt0.o(.constdata)
    tenpwrs_i                                0x0000ba94   Data          64  bigflt0.o(.constdata)
    AsciiLib                                 0x0000baec   Data        1520  asciilib.o(.rodata.AsciiLib)
    [Anonymous Symbol]                       0x0000baec   Section        0  asciilib.o(.rodata.AsciiLib)
    .L.str.5                                 0x0000c140   Data          11  sample.o(.rodata.str1.1)
    [Anonymous Symbol]                       0x0000c140   Section        0  sample.o(.rodata.str1.1)
    .L.str.4                                 0x0000c14b   Data          11  sample.o(.rodata.str1.1)
    .L.str.2                                 0x0000c154   Data           2  sample.o(.rodata.str1.1)
    .L.str                                   0x0000c156   Data           5  sample.o(.rodata.str1.1)
    .L.str.1                                 0x0000c15b   Data           6  sample.o(.rodata.str1.1)
    .L.str.3                                 0x0000c161   Data           6  sample.o(.rodata.str1.1)
    .L.str.5                                 0x0000c167   Data          11  game_graphics.o(.rodata.str1.1)
    [Anonymous Symbol]                       0x0000c167   Section        0  game_graphics.o(.rodata.str1.1)
    .L.str.6                                 0x0000c172   Data          11  game_graphics.o(.rodata.str1.1)
    .L.str.3                                 0x0000c17d   Data           3  game_graphics.o(.rodata.str1.1)
    .L.str.2                                 0x0000c17e   Data           2  game_graphics.o(.rodata.str1.1)
    .L.str.4                                 0x0000c180   Data           9  game_graphics.o(.rodata.str1.1)
    .L.str                                   0x0000c189   Data           6  game_graphics.o(.rodata.str1.1)
    .L.str.1                                 0x0000c18f   Data           5  game_graphics.o(.rodata.str1.1)
    locale$$data                             0x0000c1c4   Section       28  lc_numeric_c.o(locale$$data)
    __lcnum_c_name                           0x0000c1c8   Data           2  lc_numeric_c.o(locale$$data)
    __lcnum_c_start                          0x0000c1d0   Data           0  lc_numeric_c.o(locale$$data)
    __lcnum_c_point                          0x0000c1dc   Data           0  lc_numeric_c.o(locale$$data)
    __lcnum_c_thousands                      0x0000c1de   Data           0  lc_numeric_c.o(locale$$data)
    __lcnum_c_grouping                       0x0000c1df   Data           0  lc_numeric_c.o(locale$$data)
    __lcnum_c_end                            0x0000c1e0   Data           0  lc_numeric_c.o(locale$$data)
    locale$$data                             0x0000c1e0   Section      272  lc_ctype_c.o(locale$$data)
    __lcctype_c_name                         0x0000c1e4   Data           2  lc_ctype_c.o(locale$$data)
    __lcctype_c_start                        0x0000c1ec   Data           0  lc_ctype_c.o(locale$$data)
    __lcctype_c_end                          0x0000c2f0   Data           0  lc_ctype_c.o(locale$$data)
    Stack_Mem                                0x10000000   Data       28672  startup_lpc17xx.o(STACK)
    STACK                                    0x10000000   Section    28672  startup_lpc17xx.o(STACK)
    __initial_sp                             0x10007000   Data           0  startup_lpc17xx.o(STACK)
    .bss                                     0x2007cde8   Section      228  rand.o(.bss)
    .bss                                     0x2007cecc   Section       96  libspace.o(.bss)
    CAN_wrFilter.CAN_ext_cnt                 0x2007cf50   Data           4  lib_can.o(.bss.CAN_wrFilter.CAN_ext_cnt)
    [Anonymous Symbol]                       0x2007cf50   Section        0  lib_can.o(.bss.CAN_wrFilter.CAN_ext_cnt)
    CAN_wrFilter.CAN_std_cnt                 0x2007cf54   Data           4  lib_can.o(.bss.CAN_wrFilter.CAN_std_cnt)
    [Anonymous Symbol]                       0x2007cf54   Section        0  lib_can.o(.bss.CAN_wrFilter.CAN_std_cnt)
    LCD_Code                                 0x2007cf58   Data           1  glcd.o(.bss.LCD_Code)
    [Anonymous Symbol]                       0x2007cf58   Section        0  glcd.o(.bss.LCD_Code)
    RIT_IRQHandler.collisionNote             0x2007cf5c   Data           4  irq_rit.o(.bss.RIT_IRQHandler.collisionNote)
    [Anonymous Symbol]                       0x2007cf5c   Section        0  irq_rit.o(.bss.RIT_IRQHandler.collisionNote)
    RIT_IRQHandler.currentNote               0x2007cf60   Data           4  irq_rit.o(.bss.RIT_IRQHandler.currentNote)
    [Anonymous Symbol]                       0x2007cf60   Section        0  irq_rit.o(.bss.RIT_IRQHandler.currentNote)
    RIT_IRQHandler.currentNote.1             0x2007cf64   Data           4  irq_rit.o(.bss.RIT_IRQHandler.currentNote.1)
    [Anonymous Symbol]                       0x2007cf64   Section        0  irq_rit.o(.bss.RIT_IRQHandler.currentNote.1)
    RIT_IRQHandler.currentNote.3             0x2007cf68   Data           4  irq_rit.o(.bss.RIT_IRQHandler.currentNote.3)
    [Anonymous Symbol]                       0x2007cf68   Section        0  irq_rit.o(.bss.RIT_IRQHandler.currentNote.3)
    RIT_IRQHandler.ticks                     0x2007cf6c   Data           4  irq_rit.o(.bss.RIT_IRQHandler.ticks)
    [Anonymous Symbol]                       0x2007cf6c   Section        0  irq_rit.o(.bss.RIT_IRQHandler.ticks)
    RIT_IRQHandler.ticks.2                   0x2007cf70   Data           4  irq_rit.o(.bss.RIT_IRQHandler.ticks.2)
    [Anonymous Symbol]                       0x2007cf70   Section        0  irq_rit.o(.bss.RIT_IRQHandler.ticks.2)
    RIT_IRQHandler.ticks.4                   0x2007cf74   Data           4  irq_rit.o(.bss.RIT_IRQHandler.ticks.4)
    [Anonymous Symbol]                       0x2007cf74   Section        0  irq_rit.o(.bss.RIT_IRQHandler.ticks.4)
    TIMER2_IRQHandler.currentValue           0x2007cf80   Data           4  irq_timer.o(.bss.TIMER2_IRQHandler.currentValue)
    [Anonymous Symbol]                       0x2007cf80   Section        0  irq_timer.o(.bss.TIMER2_IRQHandler.currentValue)
    TIMER2_IRQHandler.sineticks              0x2007cf84   Data           4  irq_timer.o(.bss.TIMER2_IRQHandler.sineticks)
    [Anonymous Symbol]                       0x2007cf84   Section        0  irq_timer.o(.bss.TIMER2_IRQHandler.sineticks)
    insertPowerPill.spawned                  0x2007cfa0   Data           4  configuraion.o(.bss.insertPowerPill.spawned)
    [Anonymous Symbol]                       0x2007cfa0   Section        0  configuraion.o(.bss.insertPowerPill.spawned)
    puntiInviati1                            0x2007d374   Data           4  irq_can.o(.bss.puntiInviati1)
    [Anonymous Symbol]                       0x2007d374   Section        0  irq_can.o(.bss.puntiInviati1)
    puntiInviati2                            0x2007d378   Data           4  irq_can.o(.bss.puntiInviati2)
    [Anonymous Symbol]                       0x2007d378   Section        0  irq_can.o(.bss.puntiInviati2)
    puntiRicevuti2                           0x2007d37c   Data           4  irq_can.o(.bss.puntiRicevuti2)
    [Anonymous Symbol]                       0x2007d37c   Section        0  irq_can.o(.bss.puntiRicevuti2)
    Heap_Mem                                 0x2007d390   Data        1024  startup_lpc17xx.o(HEAP)
    HEAP                                     0x2007d390   Section     1024  startup_lpc17xx.o(HEAP)

    Global Symbols

    Symbol Name                              Value     Ov Type        Size  Object(Section)

    BuildAttributes$$THM_ISAv4$P$D$K$B$S$PE$A:L22UL41UL21$X:L11$S22US41US21$IEEE1$IW$~IW$USESV6$~STKCKD$USESV7$~SHL$OTIME$ROPI$IEEEX$EBA8$UX$STANDARDLIB$REQ8$PRES8$EABIv2 0x00000000   Number         0  anon$$obj.o ABSOLUTE
    __Vectors                                0x00000000   Data           4  startup_lpc17xx.o(RESET)
    __fp_init_empty                          0x00000000   Number         0  fpinit_empty.o ABSOLUTE
    _printf_flags                            0x00000000   Number         0  printf_stubs.o ABSOLUTE
    _printf_return_value                     0x00000000   Number         0  printf_stubs.o ABSOLUTE
    _printf_sizespec                         0x00000000   Number         0  printf_stubs.o ABSOLUTE
    _printf_widthprec                        0x00000000   Number         0  printf_stubs.o ABSOLUTE
    __ARM_exceptions_init                     - Undefined Weak Reference
    __alloca_initialize                       - Undefined Weak Reference
    __arm_preinit_                            - Undefined Weak Reference
    __arm_relocate_pie_                       - Undefined Weak Reference
    __cpp_initialize__aeabi_                  - Undefined Weak Reference
    __cxa_finalize                            - Undefined Weak Reference
    __sigvec_lookup                           - Undefined Weak Reference
    _atexit_init                              - Undefined Weak Reference
    _call_atexit_fns                          - Undefined Weak Reference
    _clock_init                               - Undefined Weak Reference
    _fp_trap_init                             - Undefined Weak Reference
    _fp_trap_shutdown                         - Undefined Weak Reference
    _get_lc_collate                           - Undefined Weak Reference
    _get_lc_monetary                          - Undefined Weak Reference
    _get_lc_time                              - Undefined Weak Reference
    _getenv_init                              - Undefined Weak Reference
    _handle_redirection                       - Undefined Weak Reference
    _init_alloc                               - Undefined Weak Reference
    _init_user_alloc                          - Undefined Weak Reference
    _initio                                   - Undefined Weak Reference
    _printf_mbtowc                            - Undefined Weak Reference
    _printf_wc                                - Undefined Weak Reference
    _signal_finish                            - Undefined Weak Reference
    _signal_init                              - Undefined Weak Reference
    _terminate_alloc                          - Undefined Weak Reference
    _terminate_user_alloc                     - Undefined Weak Reference
    _terminateio                              - Undefined Weak Reference
    __main                                   0x000000cd   Thumb Code     8  __main.o(!!!main)
    __scatterload                            0x000000d5   Thumb Code     0  __scatter.o(!!!scatter)
    __scatterload_rt2                        0x000000d5   Thumb Code    84  __scatter.o(!!!scatter)
    __scatterload_rt2_thumb_only             0x000000d5   Thumb Code     0  __scatter.o(!!!scatter)
    __scatterload_loop                       0x000000df   Thumb Code     0  __scatter.o(!!!scatter)
    __decompress                             0x00000131   Thumb Code    90  __dczerorl2.o(!!dczerorl2)
    __decompress1                            0x00000131   Thumb Code     0  __dczerorl2.o(!!dczerorl2)
    __scatterload_null                       0x0000018d   Thumb Code     2  __scatter.o(!!handler_null)
    __scatterload_zeroinit                   0x00000191   Thumb Code    28  __scatter_zi.o(!!handler_zi)
    _printf_n                                0x000001ad   Thumb Code     0  _printf_n.o(.ARM.Collect$$_printf_percent$$00000001)
    _printf_percent                          0x000001ad   Thumb Code     0  _printf_percent.o(.ARM.Collect$$_printf_percent$$00000000)
    _printf_p                                0x000001b3   Thumb Code     0  _printf_p.o(.ARM.Collect$$_printf_percent$$00000002)
    _printf_f                                0x000001b9   Thumb Code     0  _printf_f.o(.ARM.Collect$$_printf_percent$$00000003)
    _printf_e                                0x000001bf   Thumb Code     0  _printf_e.o(.ARM.Collect$$_printf_percent$$00000004)
    _printf_g                                0x000001c5   Thumb Code     0  _printf_g.o(.ARM.Collect$$_printf_percent$$00000005)
    _printf_a                                0x000001cb   Thumb Code     0  _printf_a.o(.ARM.Collect$$_printf_percent$$00000006)
    _printf_ll                               0x000001d1   Thumb Code     0  _printf_ll.o(.ARM.Collect$$_printf_percent$$00000007)
    _printf_i                                0x000001db   Thumb Code     0  _printf_i.o(.ARM.Collect$$_printf_percent$$00000008)
    _printf_d                                0x000001e1   Thumb Code     0  _printf_d.o(.ARM.Collect$$_printf_percent$$00000009)
    _printf_u                                0x000001e7   Thumb Code     0  _printf_u.o(.ARM.Collect$$_printf_percent$$0000000A)
    _printf_o                                0x000001ed   Thumb Code     0  _printf_o.o(.ARM.Collect$$_printf_percent$$0000000B)
    _printf_x                                0x000001f3   Thumb Code     0  _printf_x.o(.ARM.Collect$$_printf_percent$$0000000C)
    _printf_lli                              0x000001f9   Thumb Code     0  _printf_lli.o(.ARM.Collect$$_printf_percent$$0000000D)
    _printf_lld                              0x000001ff   Thumb Code     0  _printf_lld.o(.ARM.Collect$$_printf_percent$$0000000E)
    _printf_llu                              0x00000205   Thumb Code     0  _printf_llu.o(.ARM.Collect$$_printf_percent$$0000000F)
    _printf_llo                              0x0000020b   Thumb Code     0  _printf_llo.o(.ARM.Collect$$_printf_percent$$00000010)
    _printf_llx                              0x00000211   Thumb Code     0  _printf_llx.o(.ARM.Collect$$_printf_percent$$00000011)
    _printf_l                                0x00000217   Thumb Code     0  _printf_l.o(.ARM.Collect$$_printf_percent$$00000012)
    _printf_c                                0x00000221   Thumb Code     0  _printf_c.o(.ARM.Collect$$_printf_percent$$00000013)
    _printf_s                                0x00000227   Thumb Code     0  _printf_s.o(.ARM.Collect$$_printf_percent$$00000014)
    _printf_lc                               0x0000022d   Thumb Code     0  _printf_lc.o(.ARM.Collect$$_printf_percent$$00000015)
    _printf_ls                               0x00000233   Thumb Code     0  _printf_ls.o(.ARM.Collect$$_printf_percent$$00000016)
    _printf_percent_end                      0x00000239   Thumb Code     0  _printf_percent_end.o(.ARM.Collect$$_printf_percent$$00000017)
    __rt_lib_init                            0x0000023d   Thumb Code     0  libinit.o(.ARM.Collect$$libinit$$00000000)
    __rt_lib_init_fp_1                       0x0000023f   Thumb Code     0  libinit2.o(.ARM.Collect$$libinit$$00000002)
    __rt_lib_init_heap_1                     0x0000023f   Thumb Code     0  libinit2.o(.ARM.Collect$$libinit$$0000000C)
    __rt_lib_init_preinit_1                  0x0000023f   Thumb Code     0  libinit2.o(.ARM.Collect$$libinit$$00000006)
    __rt_lib_init_rand_2                     0x0000023f   Thumb Code     0  libinit2.o(.ARM.Collect$$libinit$$0000000F)
    __rt_lib_init_relocate_pie_1             0x0000023f   Thumb Code     0  libinit2.o(.ARM.Collect$$libinit$$00000004)
    __rt_lib_init_user_alloc_1               0x0000023f   Thumb Code     0  libinit2.o(.ARM.Collect$$libinit$$0000000E)
    __rt_lib_init_lc_common                  0x00000243   Thumb Code     0  libinit2.o(.ARM.Collect$$libinit$$00000011)
    __rt_lib_init_rand_1                     0x00000243   Thumb Code     0  libinit2.o(.ARM.Collect$$libinit$$00000010)
    __rt_lib_init_lc_collate_1               0x00000249   Thumb Code     0  libinit2.o(.ARM.Collect$$libinit$$00000013)
    __rt_lib_init_lc_ctype_2                 0x00000249   Thumb Code     0  libinit2.o(.ARM.Collect$$libinit$$00000014)
    __rt_lib_init_lc_ctype_1                 0x00000255   Thumb Code     0  libinit2.o(.ARM.Collect$$libinit$$00000015)
    __rt_lib_init_lc_monetary_1              0x00000255   Thumb Code     0  libinit2.o(.ARM.Collect$$libinit$$00000017)
    __rt_lib_init_lc_numeric_2               0x00000255   Thumb Code     0  libinit2.o(.ARM.Collect$$libinit$$00000018)
    __rt_lib_init_alloca_1                   0x0000025f   Thumb Code     0  libinit2.o(.ARM.Collect$$libinit$$00000030)
    __rt_lib_init_argv_1                     0x0000025f   Thumb Code     0  libinit2.o(.ARM.Collect$$libinit$$0000002E)
    __rt_lib_init_atexit_1                   0x0000025f   Thumb Code     0  libinit2.o(.ARM.Collect$$libinit$$0000001D)
    __rt_lib_init_clock_1                    0x0000025f   Thumb Code     0  libinit2.o(.ARM.Collect$$libinit$$00000023)
    __rt_lib_init_cpp_1                      0x0000025f   Thumb Code     0  libinit2.o(.ARM.Collect$$libinit$$00000034)
    __rt_lib_init_exceptions_1               0x0000025f   Thumb Code     0  libinit2.o(.ARM.Collect$$libinit$$00000032)
    __rt_lib_init_fp_trap_1                  0x0000025f   Thumb Code     0  libinit2.o(.ARM.Collect$$libinit$$00000021)
    __rt_lib_init_getenv_1                   0x0000025f   Thumb Code     0  libinit2.o(.ARM.Collect$$libinit$$00000025)
    __rt_lib_init_lc_numeric_1               0x0000025f   Thumb Code     0  libinit2.o(.ARM.Collect$$libinit$$00000019)
    __rt_lib_init_lc_time_1                  0x0000025f   Thumb Code     0  libinit2.o(.ARM.Collect$$libinit$$0000001B)
    __rt_lib_init_return                     0x0000025f   Thumb Code     0  libinit2.o(.ARM.Collect$$libinit$$00000035)
    __rt_lib_init_signal_1                   0x0000025f   Thumb Code     0  libinit2.o(.ARM.Collect$$libinit$$0000001F)
    __rt_lib_init_stdio_1                    0x0000025f   Thumb Code     0  libinit2.o(.ARM.Collect$$libinit$$00000027)
    __rt_lib_shutdown                        0x00000261   Thumb Code     0  libshutdown.o(.ARM.Collect$$libshutdown$$00000000)
    __rt_lib_shutdown_cpp_1                  0x00000263   Thumb Code     0  libshutdown2.o(.ARM.Collect$$libshutdown$$00000002)
    __rt_lib_shutdown_fp_trap_1              0x00000263   Thumb Code     0  libshutdown2.o(.ARM.Collect$$libshutdown$$00000007)
    __rt_lib_shutdown_heap_1                 0x00000263   Thumb Code     0  libshutdown2.o(.ARM.Collect$$libshutdown$$0000000F)
    __rt_lib_shutdown_return                 0x00000263   Thumb Code     0  libshutdown2.o(.ARM.Collect$$libshutdown$$00000010)
    __rt_lib_shutdown_signal_1               0x00000263   Thumb Code     0  libshutdown2.o(.ARM.Collect$$libshutdown$$0000000A)
    __rt_lib_shutdown_stdio_1                0x00000263   Thumb Code     0  libshutdown2.o(.ARM.Collect$$libshutdown$$00000004)
    __rt_lib_shutdown_user_alloc_1           0x00000263   Thumb Code     0  libshutdown2.o(.ARM.Collect$$libshutdown$$0000000C)
    __rt_entry                               0x00000265   Thumb Code     0  __rtentry.o(.ARM.Collect$$rtentry$$00000000)
    __rt_entry_presh_1                       0x00000265   Thumb Code     0  __rtentry2.o(.ARM.Collect$$rtentry$$00000002)
    __rt_entry_sh                            0x00000265   Thumb Code     0  __rtentry4.o(.ARM.Collect$$rtentry$$00000004)
    __rt_entry_li                            0x0000026b   Thumb Code     0  __rtentry2.o(.ARM.Collect$$rtentry$$0000000A)
    __rt_entry_postsh_1                      0x0000026b   Thumb Code     0  __rtentry2.o(.ARM.Collect$$rtentry$$00000009)
    __rt_entry_main                          0x0000026f   Thumb Code     0  __rtentry2.o(.ARM.Collect$$rtentry$$0000000D)
    __rt_entry_postli_1                      0x0000026f   Thumb Code     0  __rtentry2.o(.ARM.Collect$$rtentry$$0000000C)
    __rt_exit                                0x00000277   Thumb Code     0  rtexit.o(.ARM.Collect$$rtexit$$00000000)
    __rt_exit_ls                             0x00000279   Thumb Code     0  rtexit2.o(.ARM.Collect$$rtexit$$00000003)
    __rt_exit_prels_1                        0x00000279   Thumb Code     0  rtexit2.o(.ARM.Collect$$rtexit$$00000002)
    __rt_exit_exit                           0x0000027d   Thumb Code     0  rtexit2.o(.ARM.Collect$$rtexit$$00000004)
    rand                                     0x00000285   Thumb Code    48  rand.o(.emb_text)
    Reset_Handler                            0x000002b9   Thumb Code     4  startup_lpc17xx.o(.text)
    NMI_Handler                              0x000002bd   Thumb Code     2  startup_lpc17xx.o(.text)
    HardFault_Handler                        0x000002bf   Thumb Code     2  startup_lpc17xx.o(.text)
    MemManage_Handler                        0x000002c1   Thumb Code     2  startup_lpc17xx.o(.text)
    BusFault_Handler                         0x000002c3   Thumb Code     2  startup_lpc17xx.o(.text)
    UsageFault_Handler                       0x000002c5   Thumb Code     2  startup_lpc17xx.o(.text)
    SVC_Handler                              0x000002c7   Thumb Code     2  startup_lpc17xx.o(.text)
    DebugMon_Handler                         0x000002c9   Thumb Code     2  startup_lpc17xx.o(.text)
    PendSV_Handler                           0x000002cb   Thumb Code     2  startup_lpc17xx.o(.text)
    SysTick_Handler                          0x000002cd   Thumb Code     2  startup_lpc17xx.o(.text)
    BOD_IRQHandler                           0x000002cf   Thumb Code     0  startup_lpc17xx.o(.text)
    CANActivity_IRQHandler                   0x000002cf   Thumb Code     0  startup_lpc17xx.o(.text)
    DMA_IRQHandler                           0x000002cf   Thumb Code     0  startup_lpc17xx.o(.text)
    EINT3_IRQHandler                         0x000002cf   Thumb Code     0  startup_lpc17xx.o(.text)
    ENET_IRQHandler                          0x000002cf   Thumb Code     0  startup_lpc17xx.o(.text)
    I2C0_IRQHandler                          0x000002cf   Thumb Code     0  startup_lpc17xx.o(.text)
    I2C1_IRQHandler                          0x000002cf   Thumb Code     0  startup_lpc17xx.o(.text)
    I2C2_IRQHandler                          0x000002cf   Thumb Code     0  startup_lpc17xx.o(.text)
    I2S_IRQHandler                           0x000002cf   Thumb Code     0  startup_lpc17xx.o(.text)
    MCPWM_IRQHandler                         0x000002cf   Thumb Code     0  startup_lpc17xx.o(.text)
    PLL0_IRQHandler                          0x000002cf   Thumb Code     0  startup_lpc17xx.o(.text)
    PLL1_IRQHandler                          0x000002cf   Thumb Code     0  startup_lpc17xx.o(.text)
    PWM1_IRQHandler                          0x000002cf   Thumb Code     0  startup_lpc17xx.o(.text)
    QEI_IRQHandler                           0x000002cf   Thumb Code     0  startup_lpc17xx.o(.text)
    RTC_IRQHandler                           0x000002cf   Thumb Code     0  startup_lpc17xx.o(.text)
    SPI_IRQHandler                           0x000002cf   Thumb Code     0  startup_lpc17xx.o(.text)
    SSP0_IRQHandler                          0x000002cf   Thumb Code     0  startup_lpc17xx.o(.text)
    SSP1_IRQHandler                          0x000002cf   Thumb Code     0  startup_lpc17xx.o(.text)
    UART0_IRQHandler                         0x000002cf   Thumb Code     0  startup_lpc17xx.o(.text)
    UART1_IRQHandler                         0x000002cf   Thumb Code     0  startup_lpc17xx.o(.text)
    UART2_IRQHandler                         0x000002cf   Thumb Code     0  startup_lpc17xx.o(.text)
    UART3_IRQHandler                         0x000002cf   Thumb Code     0  startup_lpc17xx.o(.text)
    USBActivity_IRQHandler                   0x000002cf   Thumb Code     0  startup_lpc17xx.o(.text)
    USB_IRQHandler                           0x000002cf   Thumb Code     0  startup_lpc17xx.o(.text)
    WDT_IRQHandler                           0x000002cf   Thumb Code     0  startup_lpc17xx.o(.text)
    __user_initial_stackheap                 0x000002d1   Thumb Code     0  startup_lpc17xx.o(.text)
    __use_two_region_memory                  0x000002f1   Thumb Code     2  heapauxi.o(.text)
    __rt_heap_escrow$2region                 0x000002f3   Thumb Code     2  heapauxi.o(.text)
    __rt_heap_expand$2region                 0x000002f5   Thumb Code     2  heapauxi.o(.text)
    __I$use$semihosting                      0x000002f7   Thumb Code     0  use_no_semi.o(.text)
    __use_no_semihosting_swi                 0x000002f7   Thumb Code     2  use_no_semi.o(.text)
    __mathlib_dbl_infnan2                    0x000002f9   Thumb Code     4  dunder.o(i.__mathlib_dbl_infnan2)
    __semihosting_library_function           0x000002f9   Thumb Code     0  indicate_semi.o(.text)
    main                                     0x00000301   Thumb Code   458  sample.o(.text)
    SystemInit                               0x000004cd   Thumb Code   714  system_lpc17xx.o(.text)
    TIMER0_IRQHandler                        0x00000799   Thumb Code   334  irq_timer.o(.text)
    TIMER1_IRQHandler                        0x000008e9   Thumb Code   306  irq_timer.o(.text)
    TIMER2_IRQHandler                        0x00000a1d   Thumb Code   102  irq_timer.o(.text)
    TIMER3_IRQHandler                        0x00000a85   Thumb Code    22  irq_timer.o(.text)
    enable_timer                             0x00000a9d   Thumb Code   108  lib_timer.o(.text)
    disable_timer                            0x00000b09   Thumb Code   108  lib_timer.o(.text)
    reset_timer                              0x00000b75   Thumb Code   156  lib_timer.o(.text)
    init_timer                               0x00000c11   Thumb Code   258  lib_timer.o(.text)
    GetASCIICode                             0x00000d89   Thumb Code    58  asciilib.o(.text)
    delay_ms                                 0x00000dc5   Thumb Code    82  glcd.o(.text)
    LCD_Initialization                       0x00000e19   Thumb Code 12042  glcd.o(.text)
    LCD_Clear                                0x00003d45   Thumb Code  2028  glcd.o(.text)
    LCD_GetPoint                             0x00004cbd   Thumb Code  1324  glcd.o(.text)
    LCD_SetPoint                             0x00005231   Thumb Code   320  glcd.o(.text)
    PutChar                                  0x00005371   Thumb Code   210  glcd.o(.text)
    GUI_Text                                 0x00005445   Thumb Code   152  glcd.o(.text)
    LCD_DrawCirle                            0x000054dd   Thumb Code  1518  glcd.o(.text)
    LCD_DrawGhost                            0x00005acd   Thumb Code  1450  glcd.o(.text)
    LCD_DrawEyes                             0x00006079   Thumb Code   158  glcd.o(.text)
    joystick_init                            0x00006135   Thumb Code    34  lib_joystick.o(.text)
    RIT_IRQHandler                           0x00006159   Thumb Code   890  irq_rit.o(.text)
    enable_RIT                               0x00006505   Thumb Code    16  lib_rit.o(.text)
    disable_RIT                              0x00006515   Thumb Code    16  lib_rit.o(.text)
    reset_RIT                                0x00006525   Thumb Code    12  lib_rit.o(.text)
    init_RIT                                 0x00006531   Thumb Code   100  lib_rit.o(.text)
    EINT0_IRQHandler                         0x00006609   Thumb Code    58  irq_button.o(.text)
    EINT1_IRQHandler                         0x0000667d   Thumb Code    18  irq_button.o(.text)
    EINT2_IRQHandler                         0x00006691   Thumb Code    18  irq_button.o(.text)
    BUTTON_init                              0x000066a5   Thumb Code   134  lib_button.o(.text)
    insertPowerPill                          0x000067a1   Thumb Code   228  configuraion.o(.text)
    UpdatePacman                             0x00006885   Thumb Code   232  configuraion.o(.text)
    Teleport                                 0x0000696d   Thumb Code   228  configuraion.o(.text)
    Sprite_setXY                             0x00006a51   Thumb Code    24  configuraion.o(.text)
    checkPills                               0x00006a69   Thumb Code   226  configuraion.o(.text)
    Sprite_setDirection                      0x00006b4d   Thumb Code    16  configuraion.o(.text)
    checkVictory                             0x00006b5d   Thumb Code    40  configuraion.o(.text)
    checkNewLife                             0x00006b85   Thumb Code    64  configuraion.o(.text)
    gameOver                                 0x00006bc5   Thumb Code    38  configuraion.o(.text)
    handlePause                              0x00006bed   Thumb Code    98  configuraion.o(.text)
    updateBlinky                             0x00006c51   Thumb Code  1822  configuraion.o(.text)
    checkCollision                           0x00007371   Thumb Code   264  configuraion.o(.text)
    DrawPixel                                0x00007479   Thumb Code   106  game_graphics.o(.text)
    DrawPill                                 0x000074e5   Thumb Code   108  game_graphics.o(.text)
    DrawPowerPill                            0x00007551   Thumb Code   410  game_graphics.o(.text)
    DrawMaze                                 0x000076ed   Thumb Code   174  game_graphics.o(.text)
    DrawPacman                               0x0000779d   Thumb Code    44  game_graphics.o(.text)
    DrawPause                                0x000077c9   Thumb Code   292  game_graphics.o(.text)
    EreasePause                              0x000078ed   Thumb Code   266  game_graphics.o(.text)
    updateLifeHUD                            0x000079f9   Thumb Code    64  game_graphics.o(.text)
    updateScoreHUD                           0x00007a39   Thumb Code    64  game_graphics.o(.text)
    updateTimeHUD                            0x00007a79   Thumb Code    64  game_graphics.o(.text)
    drawVictory                              0x00007ab9   Thumb Code    34  game_graphics.o(.text)
    RestoreMaze                              0x00007add   Thumb Code    98  game_graphics.o(.text)
    DrawBlinky                               0x00007b41   Thumb Code    80  game_graphics.o(.text)
    DrawGameOver                             0x00007b91   Thumb Code    70  game_graphics.o(.text)
    playNote                                 0x00007bd9   Thumb Code    68  music.o(.text)
    isNotePlaying                            0x00007c1d   Thumb Code    48  music.o(.text)
    ADC_IRQHandler                           0x00007c4d   Thumb Code   132  irq_adc.o(.text)
    ADC_init                                 0x00007cd1   Thumb Code    88  lib_adc.o(.text)
    ADC_start_conversion                     0x00007d9d   Thumb Code    18  lib_adc.o(.text)
    CAN_IRQHandler                           0x00007db1   Thumb Code   342  irq_can.o(.text)
    CAN_setup                                0x00007f09   Thumb Code   186  lib_can.o(.text)
    CAN_start                                0x00008069   Thumb Code    40  lib_can.o(.text)
    CAN_waitReady                            0x00008091   Thumb Code    48  lib_can.o(.text)
    CAN_wrMsg                                0x000080c1   Thumb Code   132  lib_can.o(.text)
    CAN_rdMsg                                0x00008145   Thumb Code   106  lib_can.o(.text)
    CAN_wrFilter                             0x000081b1   Thumb Code  1050  lib_can.o(.text)
    CAN_Init                                 0x000085cd   Thumb Code    70  lib_can.o(.text)
    snprintf                                 0x00008615   Thumb Code    58  snprintf.o(.text)
    srand                                    0x00008655   Thumb Code    42  rand.o(.text)
    _rand_init                               0x0000867f   Thumb Code     4  rand.o(.text)
    __read_errno                             0x00008691   Thumb Code    10  _rserrno.o(.text)
    __set_errno                              0x0000869b   Thumb Code    12  _rserrno.o(.text)
    _printf_pre_padding                      0x000086a7   Thumb Code    44  _printf_pad.o(.text)
    _printf_post_padding                     0x000086d3   Thumb Code    34  _printf_pad.o(.text)
    _printf_truncate_signed                  0x000086f5   Thumb Code    18  _printf_truncate.o(.text)
    _printf_truncate_unsigned                0x00008707   Thumb Code    18  _printf_truncate.o(.text)
    _printf_str                              0x00008719   Thumb Code    82  _printf_str.o(.text)
    _printf_int_dec                          0x0000876d   Thumb Code   104  _printf_dec.o(.text)
    _printf_charcount                        0x000087e5   Thumb Code    40  _printf_charcount.o(.text)
    _printf_char_common                      0x00008817   Thumb Code    32  _printf_char_common.o(.text)
    _snputc                                  0x0000883d   Thumb Code    16  _snputc.o(.text)
    _printf_wctomb                           0x0000884d   Thumb Code   182  _printf_wctomb.o(.text)
    _printf_longlong_dec                     0x00008909   Thumb Code   108  _printf_longlong_dec.o(.text)
    _printf_longlong_oct                     0x00008985   Thumb Code    68  _printf_oct_int_ll.o(.text)
    _printf_int_oct                          0x000089c9   Thumb Code    24  _printf_oct_int_ll.o(.text)
    _printf_ll_oct                           0x000089e1   Thumb Code    12  _printf_oct_int_ll.o(.text)
    _printf_longlong_hex                     0x000089f5   Thumb Code    86  _printf_hex_int_ll_ptr.o(.text)
    _printf_int_hex                          0x00008a4b   Thumb Code    28  _printf_hex_int_ll_ptr.o(.text)
    _printf_ll_hex                           0x00008a67   Thumb Code    12  _printf_hex_int_ll_ptr.o(.text)
    _printf_hex_ptr                          0x00008a73   Thumb Code    18  _printf_hex_int_ll_ptr.o(.text)
    __printf                                 0x00008a89   Thumb Code   388  __printf_flags_ss_wp.o(.text)
    __aeabi_errno_addr                       0x00008c11   Thumb Code     8  rt_errno_addr_intlibspace.o(.text)
    __errno$intlibspace                      0x00008c11   Thumb Code     0  rt_errno_addr_intlibspace.o(.text)
    __rt_errno_addr$intlibspace              0x00008c11   Thumb Code     0  rt_errno_addr_intlibspace.o(.text)
    _ll_udiv10                               0x00008c19   Thumb Code   138  lludiv10.o(.text)
    _printf_int_common                       0x00008ca3   Thumb Code   178  _printf_intcommon.o(.text)
    _printf_fp_dec_real                      0x00008f05   Thumb Code   620  _printf_fp_dec.o(.text)
    _printf_fp_hex_real                      0x00009171   Thumb Code   756  _printf_fp_hex.o(.text)
    _printf_cs_common                        0x0000946d   Thumb Code    20  _printf_char.o(.text)
    _printf_char                             0x00009481   Thumb Code    16  _printf_char.o(.text)
    _printf_string                           0x00009491   Thumb Code     8  _printf_char.o(.text)
    _printf_lcs_common                       0x00009499   Thumb Code    20  _printf_wchar.o(.text)
    _printf_wchar                            0x000094ad   Thumb Code    16  _printf_wchar.o(.text)
    _printf_wstring                          0x000094bd   Thumb Code     8  _printf_wchar.o(.text)
    _c16rtomb                                0x000094c5   Thumb Code    72  _c16rtomb.o(.text)
    _wcrtomb                                 0x000094c5   Thumb Code     0  _c16rtomb.o(.text)
    __user_libspace                          0x0000950d   Thumb Code     8  libspace.o(.text)
    __user_perproc_libspace                  0x0000950d   Thumb Code     0  libspace.o(.text)
    __user_perthread_libspace                0x0000950d   Thumb Code     0  libspace.o(.text)
    __user_setup_stackheap                   0x00009515   Thumb Code    74  sys_stackheap_outer.o(.text)
    __rt_ctype_table                         0x00009561   Thumb Code    16  rt_ctype_table.o(.text)
    __rt_locale                              0x00009571   Thumb Code     8  rt_locale_intlibspace.o(.text)
    _printf_fp_infnan                        0x00009579   Thumb Code   112  _printf_fp_infnan.o(.text)
    _btod_etento                             0x000095f9   Thumb Code   224  bigflt0.o(.text)
    exit                                     0x000096dd   Thumb Code    18  exit.o(.text)
    strcmp                                   0x000096f1   Thumb Code   128  strcmpv7m.o(.text)
    _sys_exit                                0x00009771   Thumb Code     8  sys_exit.o(.text)
    _btod_d2e                                0x0000977d   Thumb Code    62  btod.o(CL$$btod_d2e)
    _d2e_denorm_low                          0x000097bb   Thumb Code    70  btod.o(CL$$btod_d2e_denorm_low)
    _d2e_norm_op1                            0x00009801   Thumb Code    96  btod.o(CL$$btod_d2e_norm_op1)
    __btod_div_common                        0x00009861   Thumb Code   696  btod.o(CL$$btod_div_common)
    _e2e                                     0x00009b99   Thumb Code   220  btod.o(CL$$btod_e2e)
    _btod_ediv                               0x00009c75   Thumb Code    42  btod.o(CL$$btod_ediv)
    _btod_emul                               0x00009c9f   Thumb Code    42  btod.o(CL$$btod_emul)
    __btod_mult_common                       0x00009cc9   Thumb Code   580  btod.o(CL$$btod_mult_common)
    __ARM_fpclassify                         0x00009f0d   Thumb Code    40  fpclassify.o(i.__ARM_fpclassify)
    __kernel_poly                            0x00009f35   Thumb Code   170  poly.o(i.__kernel_poly)
    __mathlib_dbl_divzero                    0x00009fe1   Thumb Code    12  dunder.o(i.__mathlib_dbl_divzero)
    __mathlib_dbl_invalid                    0x00009ff1   Thumb Code    12  dunder.o(i.__mathlib_dbl_invalid)
    __mathlib_dbl_overflow                   0x00009ffd   Thumb Code    14  dunder.o(i.__mathlib_dbl_overflow)
    __mathlib_dbl_underflow                  0x0000a00d   Thumb Code    10  dunder.o(i.__mathlib_dbl_underflow)
    _is_digit                                0x0000a01d   Thumb Code    14  __printf_wp.o(i._is_digit)
    pow                                      0x0000a02d   Thumb Code  2532  pow.o(i.pow)
    sqrt                                     0x0000aa19   Thumb Code    76  sqrt.o(i.sqrt)
    _get_lc_numeric                          0x0000aa65   Thumb Code    44  lc_numeric_c.o(locale$$code)
    _get_lc_ctype                            0x0000aa91   Thumb Code    44  lc_ctype_c.o(locale$$code)
    __aeabi_d2f                              0x0000aabd   Thumb Code     0  d2f.o(x$fpl$d2f)
    _d2f                                     0x0000aabd   Thumb Code    98  d2f.o(x$fpl$d2f)
    __aeabi_dadd                             0x0000ab21   Thumb Code     0  daddsub_clz.o(x$fpl$dadd)
    _dadd                                    0x0000ab21   Thumb Code   332  daddsub_clz.o(x$fpl$dadd)
    __fpl_dcheck_NaN1                        0x0000ac71   Thumb Code    10  dcheck1.o(x$fpl$dcheck1)
    __fpl_dcmp_Inf                           0x0000ac81   Thumb Code    24  dcmpi.o(x$fpl$dcmpinf)
    __aeabi_ddiv                             0x0000ac99   Thumb Code     0  ddiv.o(x$fpl$ddiv)
    _ddiv                                    0x0000ac99   Thumb Code   560  ddiv.o(x$fpl$ddiv)
    __aeabi_i2d                              0x0000af51   Thumb Code     0  dflt_clz.o(x$fpl$dflt)
    _dflt                                    0x0000af51   Thumb Code    46  dflt_clz.o(x$fpl$dflt)
    __aeabi_cdcmple                          0x0000af81   Thumb Code     0  dleqf.o(x$fpl$dleqf)
    _dcmple                                  0x0000af81   Thumb Code   120  dleqf.o(x$fpl$dleqf)
    __fpl_dcmple_InfNaN                      0x0000afe3   Thumb Code     0  dleqf.o(x$fpl$dleqf)
    __aeabi_dmul                             0x0000aff9   Thumb Code     0  dmul.o(x$fpl$dmul)
    _dmul                                    0x0000aff9   Thumb Code   332  dmul.o(x$fpl$dmul)
    __fpl_dnaninf                            0x0000b14d   Thumb Code   156  dnaninf.o(x$fpl$dnaninf)
    __fpl_dretinf                            0x0000b1e9   Thumb Code    12  dretinf.o(x$fpl$dretinf)
    __aeabi_cdrcmple                         0x0000b1f5   Thumb Code     0  drleqf.o(x$fpl$drleqf)
    _drcmple                                 0x0000b1f5   Thumb Code   108  drleqf.o(x$fpl$drleqf)
    __aeabi_drsub                            0x0000b261   Thumb Code     0  daddsub_clz.o(x$fpl$drsb)
    _drsb                                    0x0000b261   Thumb Code    22  daddsub_clz.o(x$fpl$drsb)
    _dsqrt                                   0x0000b279   Thumb Code   456  dsqrt_noumaal.o(x$fpl$dsqrt)
    __aeabi_dsub                             0x0000b445   Thumb Code     0  daddsub_clz.o(x$fpl$dsub)
    _dsub                                    0x0000b445   Thumb Code   472  daddsub_clz.o(x$fpl$dsub)
    __aeabi_fcmpeq                           0x0000b621   Thumb Code     0  fcmp.o(x$fpl$fcmp)
    _feq                                     0x0000b621   Thumb Code    14  fcmp.o(x$fpl$fcmp)
    _fneq                                    0x0000b62f   Thumb Code    14  fcmp.o(x$fpl$fcmp)
    __aeabi_fcmpgt                           0x0000b63d   Thumb Code     0  fcmp.o(x$fpl$fcmp)
    _fgr                                     0x0000b63d   Thumb Code    14  fcmp.o(x$fpl$fcmp)
    __aeabi_fcmpge                           0x0000b64b   Thumb Code     0  fcmp.o(x$fpl$fcmp)
    _fgeq                                    0x0000b64b   Thumb Code    14  fcmp.o(x$fpl$fcmp)
    __aeabi_fcmple                           0x0000b659   Thumb Code     0  fcmp.o(x$fpl$fcmp)
    _fleq                                    0x0000b659   Thumb Code    14  fcmp.o(x$fpl$fcmp)
    __aeabi_fcmplt                           0x0000b667   Thumb Code     0  fcmp.o(x$fpl$fcmp)
    _fls                                     0x0000b667   Thumb Code    14  fcmp.o(x$fpl$fcmp)
    __fpl_fcmp_Inf                           0x0000b675   Thumb Code    24  fcmpi.o(x$fpl$fcmpinf)
    __aeabi_cfcmpeq                          0x0000b68d   Thumb Code     0  feqf.o(x$fpl$feqf)
    _fcmpeq                                  0x0000b68d   Thumb Code   104  feqf.o(x$fpl$feqf)
    _fcmpge                                  0x0000b6f5   Thumb Code   104  fgeqf.o(x$fpl$fgeqf)
    __aeabi_cfcmple                          0x0000b75d   Thumb Code     0  fleqf.o(x$fpl$fleqf)
    _fcmple                                  0x0000b75d   Thumb Code   104  fleqf.o(x$fpl$fleqf)
    __fpl_fcmple_InfNaN                      0x0000b7af   Thumb Code     0  fleqf.o(x$fpl$fleqf)
    __fpl_fnaninf                            0x0000b7c5   Thumb Code   140  fnaninf.o(x$fpl$fnaninf)
    __fpl_fretinf                            0x0000b851   Thumb Code    10  fretinf.o(x$fpl$fretinf)
    _printf_fp_dec                           0x0000b85b   Thumb Code     4  printf1.o(x$fpl$printf1)
    _printf_fp_hex                           0x0000b85f   Thumb Code     4  printf2.o(x$fpl$printf2)
    __fpl_return_NaN                         0x0000b863   Thumb Code   100  retnan.o(x$fpl$retnan)
    __ARM_scalbn                             0x0000b8c7   Thumb Code    92  scalbn.o(x$fpl$scalbn)
    __fpl_cmpreturn                          0x0000b923   Thumb Code    48  trapv.o(x$fpl$trapveneer)
    __I$use$fp                               0x0000b952   Number         0  usenofp.o(x$fpl$usenofp)
    __mathlib_zero                           0x0000ba28   Data           8  qnan.o(.constdata)
    CAN_BIT_TIME                             0x0000c0dc   Data          68  lib_can.o(.rodata.CAN_BIT_TIME)
    freqs                                    0x0000c120   Data          32  irq_adc.o(.rodata.freqs)
    Region$$Table$$Base                      0x0000c194   Number         0  anon$$obj.o(Region$$Table)
    Region$$Table$$Limit                     0x0000c1c4   Number         0  anon$$obj.o(Region$$Table)
    __ctype                                  0x0000c1ed   Data           0  lc_ctype_c.o(locale$$data)
    AD_last                                  0x2007c000   Data           2  irq_adc.o(.data.AD_last)
    LIVES                                    0x2007c004   Data           4  configuraion.o(.data.LIVES)
    MAX_POWER_PILLS                          0x2007c008   Data           4  configuraion.o(.data.MAX_POWER_PILLS)
    Matrix                                   0x2007c00c   Data        2688  configuraion.o(.data.Matrix)
    NUMBER_OF_PILLS                          0x2007ca8c   Data           4  configuraion.o(.data.NUMBER_OF_PILLS)
    PAUSE                                    0x2007ca90   Data           1  configuraion.o(.data.PAUSE)
    SCORE_THRESHOLD                          0x2007ca94   Data           4  configuraion.o(.data.SCORE_THRESHOLD)
    SinTable                                 0x2007ca98   Data          90  irq_timer.o(.data.SinTable)
    SystemFrequency                          0x2007caf4   Data           4  system_lpc17xx.o(.data.SystemFrequency)
    TIMER                                    0x2007caf8   Data           2  configuraion.o(.data.TIMER)
    collision_sound                          0x2007cafc   Data          16  irq_rit.o(.data.collision_sound)
    gameNotStarted                           0x2007cb0c   Data           1  sample.o(.data.gameNotStarted)
    gameover_music                           0x2007cb10   Data          88  irq_rit.o(.data.gameover_music)
    ghostTimer                               0x2007cb68   Data           4  configuraion.o(.data.ghostTimer)
    intro_music                              0x2007cb6c   Data         352  irq_rit.o(.data.intro_music)
    invTimer                                 0x2007cccc   Data           4  irq_timer.o(.data.invTimer)
    respawnTimer                             0x2007ccd0   Data           4  configuraion.o(.data.respawnTimer)
    song                                     0x2007ccd4   Data         272  irq_rit.o(.data.song)
    _random_number_data                      0x2007cde8   Data         228  rand.o(.bss)
    __libspace_start                         0x2007cecc   Data          96  libspace.o(.bss)
    AD_current                               0x2007cf2c   Data           2  irq_adc.o(.bss.AD_current)
    __temporary_stack_top$libspace           0x2007cf2c   Data           0  libspace.o(.bss)
    CAN_RxMsg                                0x2007cf30   Data          16  lib_can.o(.bss.CAN_RxMsg)
    CAN_TxMsg                                0x2007cf40   Data          16  lib_can.o(.bss.CAN_TxMsg)
    SCORE                                    0x2007cf78   Data           4  configuraion.o(.bss.SCORE)
    SPAWN_TIME                               0x2007cf7c   Data           4  configuraion.o(.bss.SPAWN_TIME)
    blinky                                   0x2007cf88   Data          12  configuraion.o(.bss.blinky)
    collision                                0x2007cf94   Data           1  configuraion.o(.bss.collision)
    downk1                                   0x2007cf98   Data           4  irq_rit.o(.bss.downk1)
    gameOverBool                             0x2007cf9c   Data           1  configuraion.o(.bss.gameOverBool)
    ghostMode                                0x2007cf9d   Data           1  configuraion.o(.bss.ghostMode)
    hard                                     0x2007cf9e   Data           1  irq_timer.o(.bss.hard)
    icr                                      0x2007cf9f   Data           1  lib_can.o(.bss.icr)
    invincibility                            0x2007cfa4   Data           1  irq_timer.o(.bss.invincibility)
    lives                                    0x2007cfa6   Data           2  irq_can.o(.bss.lives)
    pills_indicies                           0x2007cfa8   Data         960  configuraion.o(.bss.pills_indicies)
    player                                   0x2007d368   Data          12  configuraion.o(.bss.player)
    respawnMode                              0x2007d380   Data           1  configuraion.o(.bss.respawnMode)
    result                                   0x2007d384   Data           4  lib_can.o(.bss.result)
    score                                    0x2007d388   Data           2  irq_can.o(.bss.score)
    time                                     0x2007d38a   Data           2  irq_can.o(.bss.time)
    val_RxCoordX                             0x2007d38c   Data           2  irq_can.o(.bss.val_RxCoordX)
    val_RxCoordY                             0x2007d38e   Data           2  irq_can.o(.bss.val_RxCoordY)



==============================================================================

Memory Map of the image

  Image Entry point : 0x000000cd

  Load Region LR_IROM1 (Base: 0x00000000, Size: 0x0000d0d8, Max: 0x00080000, ABSOLUTE, COMPRESSED[0x0000c510])

    Execution Region ER_IROM1 (Exec base: 0x00000000, Load base: 0x00000000, Size: 0x0000c2f0, Max: 0x00080000, ABSOLUTE)

    Exec Addr    Load Addr    Size         Type   Attr      Idx    E Section Name        Object

    0x00000000   0x00000000   0x000000cc   Data   RO            3    RESET               startup_lpc17xx.o
    0x000000cc   0x000000cc   0x00000008   Code   RO          222  * !!!main             c_w.l(__main.o)
    0x000000d4   0x000000d4   0x0000005c   Code   RO          650    !!!scatter          c_w.l(__scatter.o)
    0x00000130   0x00000130   0x0000005a   Code   RO          648    !!dczerorl2         c_w.l(__dczerorl2.o)
    0x0000018a   0x0000018a   0x00000002   PAD
    0x0000018c   0x0000018c   0x00000002   Code   RO          651    !!handler_null      c_w.l(__scatter.o)
    0x0000018e   0x0000018e   0x00000002   PAD
    0x00000190   0x00000190   0x0000001c   Code   RO          654    !!handler_zi        c_w.l(__scatter_zi.o)
    0x000001ac   0x000001ac   0x00000000   Code   RO          333    .ARM.Collect$$_printf_percent$$00000000  c_w.l(_printf_percent.o)
    0x000001ac   0x000001ac   0x00000006   Code   RO          322    .ARM.Collect$$_printf_percent$$00000001  c_w.l(_printf_n.o)
    0x000001b2   0x000001b2   0x00000006   Code   RO          324    .ARM.Collect$$_printf_percent$$00000002  c_w.l(_printf_p.o)
    0x000001b8   0x000001b8   0x00000006   Code   RO          329    .ARM.Collect$$_printf_percent$$00000003  c_w.l(_printf_f.o)
    0x000001be   0x000001be   0x00000006   Code   RO          330    .ARM.Collect$$_printf_percent$$00000004  c_w.l(_printf_e.o)
    0x000001c4   0x000001c4   0x00000006   Code   RO          331    .ARM.Collect$$_printf_percent$$00000005  c_w.l(_printf_g.o)
    0x000001ca   0x000001ca   0x00000006   Code   RO          332    .ARM.Collect$$_printf_percent$$00000006  c_w.l(_printf_a.o)
    0x000001d0   0x000001d0   0x0000000a   Code   RO          337    .ARM.Collect$$_printf_percent$$00000007  c_w.l(_printf_ll.o)
    0x000001da   0x000001da   0x00000006   Code   RO          326    .ARM.Collect$$_printf_percent$$00000008  c_w.l(_printf_i.o)
    0x000001e0   0x000001e0   0x00000006   Code   RO          327    .ARM.Collect$$_printf_percent$$00000009  c_w.l(_printf_d.o)
    0x000001e6   0x000001e6   0x00000006   Code   RO          328    .ARM.Collect$$_printf_percent$$0000000A  c_w.l(_printf_u.o)
    0x000001ec   0x000001ec   0x00000006   Code   RO          325    .ARM.Collect$$_printf_percent$$0000000B  c_w.l(_printf_o.o)
    0x000001f2   0x000001f2   0x00000006   Code   RO          323    .ARM.Collect$$_printf_percent$$0000000C  c_w.l(_printf_x.o)
    0x000001f8   0x000001f8   0x00000006   Code   RO          334    .ARM.Collect$$_printf_percent$$0000000D  c_w.l(_printf_lli.o)
    0x000001fe   0x000001fe   0x00000006   Code   RO          335    .ARM.Collect$$_printf_percent$$0000000E  c_w.l(_printf_lld.o)
    0x00000204   0x00000204   0x00000006   Code   RO          336    .ARM.Collect$$_printf_percent$$0000000F  c_w.l(_printf_llu.o)
    0x0000020a   0x0000020a   0x00000006   Code   RO          341    .ARM.Collect$$_printf_percent$$00000010  c_w.l(_printf_llo.o)
    0x00000210   0x00000210   0x00000006   Code   RO          342    .ARM.Collect$$_printf_percent$$00000011  c_w.l(_printf_llx.o)
    0x00000216   0x00000216   0x0000000a   Code   RO          338    .ARM.Collect$$_printf_percent$$00000012  c_w.l(_printf_l.o)
    0x00000220   0x00000220   0x00000006   Code   RO          320    .ARM.Collect$$_printf_percent$$00000013  c_w.l(_printf_c.o)
    0x00000226   0x00000226   0x00000006   Code   RO          321    .ARM.Collect$$_printf_percent$$00000014  c_w.l(_printf_s.o)
    0x0000022c   0x0000022c   0x00000006   Code   RO          339    .ARM.Collect$$_printf_percent$$00000015  c_w.l(_printf_lc.o)
    0x00000232   0x00000232   0x00000006   Code   RO          340    .ARM.Collect$$_printf_percent$$00000016  c_w.l(_printf_ls.o)
    0x00000238   0x00000238   0x00000004   Code   RO          481    .ARM.Collect$$_printf_percent$$00000017  c_w.l(_printf_percent_end.o)
    0x0000023c   0x0000023c   0x00000002   Code   RO          551    .ARM.Collect$$libinit$$00000000  c_w.l(libinit.o)
    0x0000023e   0x0000023e   0x00000000   Code   RO          346    .ARM.Collect$$libinit$$00000002  c_w.l(libinit2.o)
    0x0000023e   0x0000023e   0x00000000   Code   RO          348    .ARM.Collect$$libinit$$00000004  c_w.l(libinit2.o)
    0x0000023e   0x0000023e   0x00000000   Code   RO          350    .ARM.Collect$$libinit$$00000006  c_w.l(libinit2.o)
    0x0000023e   0x0000023e   0x00000000   Code   RO          353    .ARM.Collect$$libinit$$0000000C  c_w.l(libinit2.o)
    0x0000023e   0x0000023e   0x00000000   Code   RO          355    .ARM.Collect$$libinit$$0000000E  c_w.l(libinit2.o)
    0x0000023e   0x0000023e   0x00000004   Code   RO          356    .ARM.Collect$$libinit$$0000000F  c_w.l(libinit2.o)
    0x00000242   0x00000242   0x00000000   Code   RO          357    .ARM.Collect$$libinit$$00000010  c_w.l(libinit2.o)
    0x00000242   0x00000242   0x00000006   Code   RO          358    .ARM.Collect$$libinit$$00000011  c_w.l(libinit2.o)
    0x00000248   0x00000248   0x00000000   Code   RO          360    .ARM.Collect$$libinit$$00000013  c_w.l(libinit2.o)
    0x00000248   0x00000248   0x0000000c   Code   RO          361    .ARM.Collect$$libinit$$00000014  c_w.l(libinit2.o)
    0x00000254   0x00000254   0x00000000   Code   RO          362    .ARM.Collect$$libinit$$00000015  c_w.l(libinit2.o)
    0x00000254   0x00000254   0x00000000   Code   RO          364    .ARM.Collect$$libinit$$00000017  c_w.l(libinit2.o)
    0x00000254   0x00000254   0x0000000a   Code   RO          365    .ARM.Collect$$libinit$$00000018  c_w.l(libinit2.o)
    0x0000025e   0x0000025e   0x00000000   Code   RO          366    .ARM.Collect$$libinit$$00000019  c_w.l(libinit2.o)
    0x0000025e   0x0000025e   0x00000000   Code   RO          368    .ARM.Collect$$libinit$$0000001B  c_w.l(libinit2.o)
    0x0000025e   0x0000025e   0x00000000   Code   RO          370    .ARM.Collect$$libinit$$0000001D  c_w.l(libinit2.o)
    0x0000025e   0x0000025e   0x00000000   Code   RO          372    .ARM.Collect$$libinit$$0000001F  c_w.l(libinit2.o)
    0x0000025e   0x0000025e   0x00000000   Code   RO          374    .ARM.Collect$$libinit$$00000021  c_w.l(libinit2.o)
    0x0000025e   0x0000025e   0x00000000   Code   RO          376    .ARM.Collect$$libinit$$00000023  c_w.l(libinit2.o)
    0x0000025e   0x0000025e   0x00000000   Code   RO          378    .ARM.Collect$$libinit$$00000025  c_w.l(libinit2.o)
    0x0000025e   0x0000025e   0x00000000   Code   RO          380    .ARM.Collect$$libinit$$00000027  c_w.l(libinit2.o)
    0x0000025e   0x0000025e   0x00000000   Code   RO          384    .ARM.Collect$$libinit$$0000002E  c_w.l(libinit2.o)
    0x0000025e   0x0000025e   0x00000000   Code   RO          386    .ARM.Collect$$libinit$$00000030  c_w.l(libinit2.o)
    0x0000025e   0x0000025e   0x00000000   Code   RO          388    .ARM.Collect$$libinit$$00000032  c_w.l(libinit2.o)
    0x0000025e   0x0000025e   0x00000000   Code   RO          390    .ARM.Collect$$libinit$$00000034  c_w.l(libinit2.o)
    0x0000025e   0x0000025e   0x00000002   Code   RO          391    .ARM.Collect$$libinit$$00000035  c_w.l(libinit2.o)
    0x00000260   0x00000260   0x00000002   Code   RO          607    .ARM.Collect$$libshutdown$$00000000  c_w.l(libshutdown.o)
    0x00000262   0x00000262   0x00000000   Code   RO          615    .ARM.Collect$$libshutdown$$00000002  c_w.l(libshutdown2.o)
    0x00000262   0x00000262   0x00000000   Code   RO          617    .ARM.Collect$$libshutdown$$00000004  c_w.l(libshutdown2.o)
    0x00000262   0x00000262   0x00000000   Code   RO          620    .ARM.Collect$$libshutdown$$00000007  c_w.l(libshutdown2.o)
    0x00000262   0x00000262   0x00000000   Code   RO          623    .ARM.Collect$$libshutdown$$0000000A  c_w.l(libshutdown2.o)
    0x00000262   0x00000262   0x00000000   Code   RO          625    .ARM.Collect$$libshutdown$$0000000C  c_w.l(libshutdown2.o)
    0x00000262   0x00000262   0x00000000   Code   RO          628    .ARM.Collect$$libshutdown$$0000000F  c_w.l(libshutdown2.o)
    0x00000262   0x00000262   0x00000002   Code   RO          629    .ARM.Collect$$libshutdown$$00000010  c_w.l(libshutdown2.o)
    0x00000264   0x00000264   0x00000000   Code   RO          249    .ARM.Collect$$rtentry$$00000000  c_w.l(__rtentry.o)
    0x00000264   0x00000264   0x00000000   Code   RO          445    .ARM.Collect$$rtentry$$00000002  c_w.l(__rtentry2.o)
    0x00000264   0x00000264   0x00000006   Code   RO          457    .ARM.Collect$$rtentry$$00000004  c_w.l(__rtentry4.o)
    0x0000026a   0x0000026a   0x00000000   Code   RO          447    .ARM.Collect$$rtentry$$00000009  c_w.l(__rtentry2.o)
    0x0000026a   0x0000026a   0x00000004   Code   RO          448    .ARM.Collect$$rtentry$$0000000A  c_w.l(__rtentry2.o)
    0x0000026e   0x0000026e   0x00000000   Code   RO          450    .ARM.Collect$$rtentry$$0000000C  c_w.l(__rtentry2.o)
    0x0000026e   0x0000026e   0x00000008   Code   RO          451    .ARM.Collect$$rtentry$$0000000D  c_w.l(__rtentry2.o)
    0x00000276   0x00000276   0x00000002   Code   RO          562    .ARM.Collect$$rtexit$$00000000  c_w.l(rtexit.o)
    0x00000278   0x00000278   0x00000000   Code   RO          583    .ARM.Collect$$rtexit$$00000002  c_w.l(rtexit2.o)
    0x00000278   0x00000278   0x00000004   Code   RO          584    .ARM.Collect$$rtexit$$00000003  c_w.l(rtexit2.o)
    0x0000027c   0x0000027c   0x00000006   Code   RO          585    .ARM.Collect$$rtexit$$00000004  c_w.l(rtexit2.o)
    0x00000282   0x00000282   0x00000002   PAD
    0x00000284   0x00000284   0x00000034   Code   RO          213    .emb_text           c_w.l(rand.o)
    0x000002b8   0x000002b8   0x00000038   Code   RO            5    .text               startup_lpc17xx.o
    0x000002f0   0x000002f0   0x00000006   Code   RO          220    .text               c_w.l(heapauxi.o)
    0x000002f6   0x000002f6   0x00000002   Code   RO          579    .text               c_w.l(use_no_semi.o)
    0x000002f8   0x000002f8   0x00000000   Code   RO          581    .text               c_w.l(indicate_semi.o)
    0x000002f8   0x000002f8   0x00000004   Code   RO          427    i.__mathlib_dbl_infnan2  m_ws.l(dunder.o)
    0x000002fc   0x000002fc   0x00000004   Code   RO            4    .ARM.__at_0x02FC    startup_lpc17xx.o
    0x00000300   0x00000300   0x000001ca   Code   RO           13    .text               sample.o
    0x000004ca   0x000004ca   0x00000002   PAD
    0x000004cc   0x000004cc   0x000002ca   Code   RO           23    .text               system_lpc17xx.o
    0x00000796   0x00000796   0x00000002   PAD
    0x00000798   0x00000798   0x00000302   Code   RO           31    .text               irq_timer.o
    0x00000a9a   0x00000a9a   0x00000002   PAD
    0x00000a9c   0x00000a9c   0x000002ea   Code   RO           44    .text               lib_timer.o
    0x00000d86   0x00000d86   0x00000002   PAD
    0x00000d88   0x00000d88   0x0000003a   Code   RO           51    .text               asciilib.o
    0x00000dc2   0x00000dc2   0x00000002   PAD
    0x00000dc4   0x00000dc4   0x0000536e   Code   RO           59    .text               glcd.o
    0x00006132   0x00006132   0x00000002   PAD
    0x00006134   0x00006134   0x00000022   Code   RO           75    .text               lib_joystick.o
    0x00006156   0x00006156   0x00000002   PAD
    0x00006158   0x00006158   0x000003ac   Code   RO           82    .text               irq_rit.o
    0x00006504   0x00006504   0x00000102   Code   RO          101    .text               lib_rit.o
    0x00006606   0x00006606   0x00000002   PAD
    0x00006608   0x00006608   0x0000009a   Code   RO          108    .text               irq_button.o
    0x000066a2   0x000066a2   0x00000002   PAD
    0x000066a4   0x000066a4   0x000000fa   Code   RO          115    .text               lib_button.o
    0x0000679e   0x0000679e   0x00000002   PAD
    0x000067a0   0x000067a0   0x00000cd8   Code   RO          122    .text               configuraion.o
    0x00007478   0x00007478   0x0000075e   Code   RO          148    .text               game_graphics.o
    0x00007bd6   0x00007bd6   0x00000002   PAD
    0x00007bd8   0x00007bd8   0x00000074   Code   RO          156    .text               music.o
    0x00007c4c   0x00007c4c   0x00000084   Code   RO          163    .text               irq_adc.o
    0x00007cd0   0x00007cd0   0x000000de   Code   RO          173    .text               lib_adc.o
    0x00007dae   0x00007dae   0x00000002   PAD
    0x00007db0   0x00007db0   0x00000156   Code   RO          180    .text               irq_can.o
    0x00007f06   0x00007f06   0x00000002   PAD
    0x00007f08   0x00007f08   0x0000070a   Code   RO          195    .text               lib_can.o
    0x00008612   0x00008612   0x00000002   PAD
    0x00008614   0x00008614   0x00000040   Code   RO          211    .text               c_w.l(snprintf.o)
    0x00008654   0x00008654   0x0000003c   Code   RO          214    .text               c_w.l(rand.o)
    0x00008690   0x00008690   0x00000016   Code   RO          250    .text               c_w.l(_rserrno.o)
    0x000086a6   0x000086a6   0x0000004e   Code   RO          254    .text               c_w.l(_printf_pad.o)
    0x000086f4   0x000086f4   0x00000024   Code   RO          256    .text               c_w.l(_printf_truncate.o)
    0x00008718   0x00008718   0x00000052   Code   RO          258    .text               c_w.l(_printf_str.o)
    0x0000876a   0x0000876a   0x00000002   PAD
    0x0000876c   0x0000876c   0x00000078   Code   RO          260    .text               c_w.l(_printf_dec.o)
    0x000087e4   0x000087e4   0x00000028   Code   RO          262    .text               c_w.l(_printf_charcount.o)
    0x0000880c   0x0000880c   0x00000030   Code   RO          264    .text               c_w.l(_printf_char_common.o)
    0x0000883c   0x0000883c   0x00000010   Code   RO          266    .text               c_w.l(_snputc.o)
    0x0000884c   0x0000884c   0x000000bc   Code   RO          268    .text               c_w.l(_printf_wctomb.o)
    0x00008908   0x00008908   0x0000007c   Code   RO          271    .text               c_w.l(_printf_longlong_dec.o)
    0x00008984   0x00008984   0x00000070   Code   RO          277    .text               c_w.l(_printf_oct_int_ll.o)
    0x000089f4   0x000089f4   0x00000094   Code   RO          297    .text               c_w.l(_printf_hex_int_ll_ptr.o)
    0x00008a88   0x00008a88   0x00000188   Code   RO          317    .text               c_w.l(__printf_flags_ss_wp.o)
    0x00008c10   0x00008c10   0x00000008   Code   RO          462    .text               c_w.l(rt_errno_addr_intlibspace.o)
    0x00008c18   0x00008c18   0x0000008a   Code   RO          464    .text               c_w.l(lludiv10.o)
    0x00008ca2   0x00008ca2   0x000000b2   Code   RO          466    .text               c_w.l(_printf_intcommon.o)
    0x00008d54   0x00008d54   0x0000041c   Code   RO          468    .text               c_w.l(_printf_fp_dec.o)
    0x00009170   0x00009170   0x000002fc   Code   RO          472    .text               c_w.l(_printf_fp_hex.o)
    0x0000946c   0x0000946c   0x0000002c   Code   RO          477    .text               c_w.l(_printf_char.o)
    0x00009498   0x00009498   0x0000002c   Code   RO          479    .text               c_w.l(_printf_wchar.o)
    0x000094c4   0x000094c4   0x00000048   Code   RO          482    .text               c_w.l(_c16rtomb.o)
    0x0000950c   0x0000950c   0x00000008   Code   RO          496    .text               c_w.l(libspace.o)
    0x00009514   0x00009514   0x0000004a   Code   RO          499    .text               c_w.l(sys_stackheap_outer.o)
    0x0000955e   0x0000955e   0x00000002   PAD
    0x00009560   0x00009560   0x00000010   Code   RO          501    .text               c_w.l(rt_ctype_table.o)
    0x00009570   0x00009570   0x00000008   Code   RO          506    .text               c_w.l(rt_locale_intlibspace.o)
    0x00009578   0x00009578   0x00000080   Code   RO          508    .text               c_w.l(_printf_fp_infnan.o)
    0x000095f8   0x000095f8   0x000000e4   Code   RO          510    .text               c_w.l(bigflt0.o)
    0x000096dc   0x000096dc   0x00000012   Code   RO          540    .text               c_w.l(exit.o)
    0x000096ee   0x000096ee   0x00000002   PAD
    0x000096f0   0x000096f0   0x00000080   Code   RO          575    .text               c_w.l(strcmpv7m.o)
    0x00009770   0x00009770   0x0000000c   Code   RO          597    .text               c_w.l(sys_exit.o)
    0x0000977c   0x0000977c   0x0000003e   Code   RO          513    CL$$btod_d2e        c_w.l(btod.o)
    0x000097ba   0x000097ba   0x00000046   Code   RO          515    CL$$btod_d2e_denorm_low  c_w.l(btod.o)
    0x00009800   0x00009800   0x00000060   Code   RO          514    CL$$btod_d2e_norm_op1  c_w.l(btod.o)
    0x00009860   0x00009860   0x00000338   Code   RO          523    CL$$btod_div_common  c_w.l(btod.o)
    0x00009b98   0x00009b98   0x000000dc   Code   RO          520    CL$$btod_e2e        c_w.l(btod.o)
    0x00009c74   0x00009c74   0x0000002a   Code   RO          517    CL$$btod_ediv       c_w.l(btod.o)
    0x00009c9e   0x00009c9e   0x0000002a   Code   RO          516    CL$$btod_emul       c_w.l(btod.o)
    0x00009cc8   0x00009cc8   0x00000244   Code   RO          522    CL$$btod_mult_common  c_w.l(btod.o)
    0x00009f0c   0x00009f0c   0x00000028   Code   RO          439    i.__ARM_fpclassify  m_ws.l(fpclassify.o)
    0x00009f34   0x00009f34   0x000000aa   Code   RO          441    i.__kernel_poly     m_ws.l(poly.o)
    0x00009fde   0x00009fde   0x00000002   PAD
    0x00009fe0   0x00009fe0   0x00000010   Code   RO          425    i.__mathlib_dbl_divzero  m_ws.l(dunder.o)
    0x00009ff0   0x00009ff0   0x0000000c   Code   RO          428    i.__mathlib_dbl_invalid  m_ws.l(dunder.o)
    0x00009ffc   0x00009ffc   0x0000000e   Code   RO          429    i.__mathlib_dbl_overflow  m_ws.l(dunder.o)
    0x0000a00a   0x0000a00a   0x00000002   PAD
    0x0000a00c   0x0000a00c   0x00000010   Code   RO          431    i.__mathlib_dbl_underflow  m_ws.l(dunder.o)
    0x0000a01c   0x0000a01c   0x0000000e   Code   RO          310    i._is_digit         c_w.l(__printf_wp.o)
    0x0000a02a   0x0000a02a   0x00000002   PAD
    0x0000a02c   0x0000a02c   0x000009ec   Code   RO          241    i.pow               m_ws.l(pow.o)
    0x0000aa18   0x0000aa18   0x0000004c   Code   RO          246    i.sqrt              m_ws.l(sqrt.o)
    0x0000aa64   0x0000aa64   0x0000002c   Code   RO          538    locale$$code        c_w.l(lc_numeric_c.o)
    0x0000aa90   0x0000aa90   0x0000002c   Code   RO          569    locale$$code        c_w.l(lc_ctype_c.o)
    0x0000aabc   0x0000aabc   0x00000062   Code   RO          224    x$fpl$d2f           fz_ws.l(d2f.o)
    0x0000ab1e   0x0000ab1e   0x00000002   PAD
    0x0000ab20   0x0000ab20   0x00000150   Code   RO          226    x$fpl$dadd          fz_ws.l(daddsub_clz.o)
    0x0000ac70   0x0000ac70   0x00000010   Code   RO          486    x$fpl$dcheck1       fz_ws.l(dcheck1.o)
    0x0000ac80   0x0000ac80   0x00000018   Code   RO          552    x$fpl$dcmpinf       fz_ws.l(dcmpi.o)
    0x0000ac98   0x0000ac98   0x000002b8   Code   RO          393    x$fpl$ddiv          fz_ws.l(ddiv.o)
    0x0000af50   0x0000af50   0x0000002e   Code   RO          233    x$fpl$dflt          fz_ws.l(dflt_clz.o)
    0x0000af7e   0x0000af7e   0x00000002   PAD
    0x0000af80   0x0000af80   0x00000078   Code   RO          488    x$fpl$dleqf         fz_ws.l(dleqf.o)
    0x0000aff8   0x0000aff8   0x00000154   Code   RO          396    x$fpl$dmul          fz_ws.l(dmul.o)
    0x0000b14c   0x0000b14c   0x0000009c   Code   RO          398    x$fpl$dnaninf       fz_ws.l(dnaninf.o)
    0x0000b1e8   0x0000b1e8   0x0000000c   Code   RO          400    x$fpl$dretinf       fz_ws.l(dretinf.o)
    0x0000b1f4   0x0000b1f4   0x0000006c   Code   RO          402    x$fpl$drleqf        fz_ws.l(drleqf.o)
    0x0000b260   0x0000b260   0x00000016   Code   RO          227    x$fpl$drsb          fz_ws.l(daddsub_clz.o)
    0x0000b276   0x0000b276   0x00000002   PAD
    0x0000b278   0x0000b278   0x000001cc   Code   RO          404    x$fpl$dsqrt         fz_ws.l(dsqrt_noumaal.o)
    0x0000b444   0x0000b444   0x000001dc   Code   RO          228    x$fpl$dsub          fz_ws.l(daddsub_clz.o)
    0x0000b620   0x0000b620   0x00000054   Code   RO          238    x$fpl$fcmp          fz_ws.l(fcmp.o)
    0x0000b674   0x0000b674   0x00000018   Code   RO          490    x$fpl$fcmpinf       fz_ws.l(fcmpi.o)
    0x0000b68c   0x0000b68c   0x00000068   Code   RO          406    x$fpl$feqf          fz_ws.l(feqf.o)
    0x0000b6f4   0x0000b6f4   0x00000068   Code   RO          408    x$fpl$fgeqf         fz_ws.l(fgeqf.o)
    0x0000b75c   0x0000b75c   0x00000068   Code   RO          410    x$fpl$fleqf         fz_ws.l(fleqf.o)
    0x0000b7c4   0x0000b7c4   0x0000008c   Code   RO          492    x$fpl$fnaninf       fz_ws.l(fnaninf.o)
    0x0000b850   0x0000b850   0x0000000a   Code   RO          412    x$fpl$fretinf       fz_ws.l(fretinf.o)
    0x0000b85a   0x0000b85a   0x00000004   Code   RO          414    x$fpl$printf1       fz_ws.l(printf1.o)
    0x0000b85e   0x0000b85e   0x00000004   Code   RO          416    x$fpl$printf2       fz_ws.l(printf2.o)
    0x0000b862   0x0000b862   0x00000064   Code   RO          556    x$fpl$retnan        fz_ws.l(retnan.o)
    0x0000b8c6   0x0000b8c6   0x0000005c   Code   RO          422    x$fpl$scalbn        fz_ws.l(scalbn.o)
    0x0000b922   0x0000b922   0x00000030   Code   RO          577    x$fpl$trapveneer    fz_ws.l(trapv.o)
    0x0000b952   0x0000b952   0x00000000   Code   RO          424    x$fpl$usenofp       fz_ws.l(usenofp.o)
    0x0000b952   0x0000b952   0x00000006   PAD
    0x0000b958   0x0000b958   0x00000088   Data   RO          242    .constdata          m_ws.l(pow.o)
    0x0000b9e0   0x0000b9e0   0x00000008   Data   RO          269    .constdata          c_w.l(_printf_wctomb.o)
    0x0000b9e8   0x0000b9e8   0x00000028   Data   RO          298    .constdata          c_w.l(_printf_hex_int_ll_ptr.o)
    0x0000ba10   0x0000ba10   0x00000011   Data   RO          318    .constdata          c_w.l(__printf_flags_ss_wp.o)
    0x0000ba21   0x0000ba21   0x00000007   PAD
    0x0000ba28   0x0000ba28   0x00000008   Data   RO          443    .constdata          m_ws.l(qnan.o)
    0x0000ba30   0x0000ba30   0x00000026   Data   RO          473    .constdata          c_w.l(_printf_fp_hex.o)
    0x0000ba56   0x0000ba56   0x00000002   PAD
    0x0000ba58   0x0000ba58   0x00000094   Data   RO          511    .constdata          c_w.l(bigflt0.o)
    0x0000baec   0x0000baec   0x000005f0   Data   RO           53    .rodata.AsciiLib    asciilib.o
    0x0000c0dc   0x0000c0dc   0x00000044   Data   RO          199    .rodata.CAN_BIT_TIME  lib_can.o
    0x0000c120   0x0000c120   0x00000020   Data   RO          166    .rodata.freqs       irq_adc.o
    0x0000c140   0x0000c140   0x00000027   Data   RO           16    .rodata.str1.1      sample.o
    0x0000c167   0x0000c167   0x0000002d   Data   RO          150    .rodata.str1.1      game_graphics.o
    0x0000c194   0x0000c194   0x00000030   Data   RO          647    Region$$Table       anon$$obj.o
    0x0000c1c4   0x0000c1c4   0x0000001c   Data   RO          537    locale$$data        c_w.l(lc_numeric_c.o)
    0x0000c1e0   0x0000c1e0   0x00000110   Data   RO          568    locale$$data        c_w.l(lc_ctype_c.o)


    Execution Region RW_IRAM1 (Exec base: 0x10000000, Load base: 0x0000c2f0, Size: 0x00007000, Max: 0x00008000, ABSOLUTE)

    Exec Addr    Load Addr    Size         Type   Attr      Idx    E Section Name        Object

    0x10000000        -       0x00007000   Zero   RW            1    STACK               startup_lpc17xx.o


    Execution Region RW_IRAM2 (Exec base: 0x2007c000, Load base: 0x0000c2f0, Size: 0x00001790, Max: 0x00008000, ABSOLUTE, COMPRESSED[0x00000220])

    Exec Addr    Load Addr    Size         Type   Attr      Idx    E Section Name        Object

    0x2007c000   COMPRESSED   0x00000002   Data   RW          165    .data.AD_last       irq_adc.o
    0x2007c002   COMPRESSED   0x00000002   PAD
    0x2007c004   COMPRESSED   0x00000004   Data   RW          134    .data.LIVES         configuraion.o
    0x2007c008   COMPRESSED   0x00000004   Data   RW          133    .data.MAX_POWER_PILLS  configuraion.o
    0x2007c00c   COMPRESSED   0x00000a80   Data   RW          124    .data.Matrix        configuraion.o
    0x2007ca8c   COMPRESSED   0x00000004   Data   RW          132    .data.NUMBER_OF_PILLS  configuraion.o
    0x2007ca90   COMPRESSED   0x00000001   Data   RW          137    .data.PAUSE         configuraion.o
    0x2007ca91   COMPRESSED   0x00000003   PAD
    0x2007ca94   COMPRESSED   0x00000004   Data   RW          136    .data.SCORE_THRESHOLD  configuraion.o
    0x2007ca98   COMPRESSED   0x0000005a   Data   RW           36    .data.SinTable      irq_timer.o
    0x2007caf2   COMPRESSED   0x00000002   PAD
    0x2007caf4   COMPRESSED   0x00000004   Data   RW           25    .data.SystemFrequency  system_lpc17xx.o
    0x2007caf8   COMPRESSED   0x00000002   Data   RW          135    .data.TIMER         configuraion.o
    0x2007cafa   COMPRESSED   0x00000002   PAD
    0x2007cafc   COMPRESSED   0x00000010   Data   RW           84    .data.collision_sound  irq_rit.o
    0x2007cb0c   COMPRESSED   0x00000001   Data   RW           15    .data.gameNotStarted  sample.o
    0x2007cb0d   COMPRESSED   0x00000003   PAD
    0x2007cb10   COMPRESSED   0x00000058   Data   RW           85    .data.gameover_music  irq_rit.o
    0x2007cb68   COMPRESSED   0x00000004   Data   RW          126    .data.ghostTimer    configuraion.o
    0x2007cb6c   COMPRESSED   0x00000160   Data   RW           86    .data.intro_music   irq_rit.o
    0x2007cccc   COMPRESSED   0x00000004   Data   RW           35    .data.invTimer      irq_timer.o
    0x2007ccd0   COMPRESSED   0x00000004   Data   RW          128    .data.respawnTimer  configuraion.o
    0x2007ccd4   COMPRESSED   0x00000110   Data   RW           87    .data.song          irq_rit.o
    0x2007cde4   COMPRESSED   0x00000004   PAD
    0x2007cde8        -       0x000000e4   Zero   RW          215    .bss                c_w.l(rand.o)
    0x2007cecc        -       0x00000060   Zero   RW          497    .bss                c_w.l(libspace.o)
    0x2007cf2c        -       0x00000002   Zero   RW          167    .bss.AD_current     irq_adc.o
    0x2007cf2e   COMPRESSED   0x00000002   PAD
    0x2007cf30        -       0x00000010   Zero   RW          203    .bss.CAN_RxMsg      lib_can.o
    0x2007cf40        -       0x00000010   Zero   RW          202    .bss.CAN_TxMsg      lib_can.o
    0x2007cf50        -       0x00000004   Zero   RW          201    .bss.CAN_wrFilter.CAN_ext_cnt  lib_can.o
    0x2007cf54        -       0x00000004   Zero   RW          200    .bss.CAN_wrFilter.CAN_std_cnt  lib_can.o
    0x2007cf58        -       0x00000001   Zero   RW           61    .bss.LCD_Code       glcd.o
    0x2007cf59   COMPRESSED   0x00000003   PAD
    0x2007cf5c        -       0x00000004   Zero   RW           92    .bss.RIT_IRQHandler.collisionNote  irq_rit.o
    0x2007cf60        -       0x00000004   Zero   RW           89    .bss.RIT_IRQHandler.currentNote  irq_rit.o
    0x2007cf64        -       0x00000004   Zero   RW           91    .bss.RIT_IRQHandler.currentNote.1  irq_rit.o
    0x2007cf68        -       0x00000004   Zero   RW           94    .bss.RIT_IRQHandler.currentNote.3  irq_rit.o
    0x2007cf6c        -       0x00000004   Zero   RW           90    .bss.RIT_IRQHandler.ticks  irq_rit.o
    0x2007cf70        -       0x00000004   Zero   RW           93    .bss.RIT_IRQHandler.ticks.2  irq_rit.o
    0x2007cf74        -       0x00000004   Zero   RW           95    .bss.RIT_IRQHandler.ticks.4  irq_rit.o
    0x2007cf78        -       0x00000004   Zero   RW          131    .bss.SCORE          configuraion.o
    0x2007cf7c        -       0x00000004   Zero   RW          142    .bss.SPAWN_TIME     configuraion.o
    0x2007cf80        -       0x00000004   Zero   RW           38    .bss.TIMER2_IRQHandler.currentValue  irq_timer.o
    0x2007cf84        -       0x00000004   Zero   RW           37    .bss.TIMER2_IRQHandler.sineticks  irq_timer.o
    0x2007cf88        -       0x0000000c   Zero   RW          141    .bss.blinky         configuraion.o
    0x2007cf94        -       0x00000001   Zero   RW          129    .bss.collision      configuraion.o
    0x2007cf95   COMPRESSED   0x00000003   PAD
    0x2007cf98        -       0x00000004   Zero   RW           88    .bss.downk1         irq_rit.o
    0x2007cf9c        -       0x00000001   Zero   RW          130    .bss.gameOverBool   configuraion.o
    0x2007cf9d        -       0x00000001   Zero   RW          125    .bss.ghostMode      configuraion.o
    0x2007cf9e        -       0x00000001   Zero   RW           33    .bss.hard           irq_timer.o
    0x2007cf9f        -       0x00000001   Zero   RW          197    .bss.icr            lib_can.o
    0x2007cfa0        -       0x00000004   Zero   RW          138    .bss.insertPowerPill.spawned  configuraion.o
    0x2007cfa4        -       0x00000001   Zero   RW           34    .bss.invincibility  irq_timer.o
    0x2007cfa5   COMPRESSED   0x00000001   PAD
    0x2007cfa6        -       0x00000002   Zero   RW          186    .bss.lives          irq_can.o
    0x2007cfa8        -       0x000003c0   Zero   RW          139    .bss.pills_indicies  configuraion.o
    0x2007d368        -       0x0000000c   Zero   RW          140    .bss.player         configuraion.o
    0x2007d374        -       0x00000004   Zero   RW          187    .bss.puntiInviati1  irq_can.o
    0x2007d378        -       0x00000004   Zero   RW          189    .bss.puntiInviati2  irq_can.o
    0x2007d37c        -       0x00000004   Zero   RW          188    .bss.puntiRicevuti2  irq_can.o
    0x2007d380        -       0x00000001   Zero   RW          127    .bss.respawnMode    configuraion.o
    0x2007d381   COMPRESSED   0x00000003   PAD
    0x2007d384        -       0x00000004   Zero   RW          198    .bss.result         lib_can.o
    0x2007d388        -       0x00000002   Zero   RW          185    .bss.score          irq_can.o
    0x2007d38a        -       0x00000002   Zero   RW          184    .bss.time           irq_can.o
    0x2007d38c        -       0x00000002   Zero   RW          182    .bss.val_RxCoordX   irq_can.o
    0x2007d38e        -       0x00000002   Zero   RW          183    .bss.val_RxCoordY   irq_can.o
    0x2007d390        -       0x00000400   Zero   RW            2    HEAP                startup_lpc17xx.o


==============================================================================

Image component sizes


      Code (inc. data)   RO Data    RW Data    ZI Data      Debug   Object Name

        58          0       1520          0          0        595   asciilib.o
      3288          0          0       2715       1000       5838   configuraion.o
      1886          0         45          0          0       3274   game_graphics.o
     21358          0          0          0          1      27515   glcd.o
       132          0         32          2          2       1179   irq_adc.o
       154          0          0          0          0       3863   irq_button.o
       342          0          0          0         22       1580   irq_can.o
       940          0          0        728         32       5461   irq_rit.o
       770          0          0         94         10       2009   irq_timer.o
       222          0          0          0          0       4693   lib_adc.o
       250          0          0          0          0       5407   lib_button.o
      1802          0         68          0         45       7095   lib_can.o
        34          0          0          0          0       2435   lib_joystick.o
       258          0          0          0          0       4080   lib_rit.o
       746          0          0          0          0       3907   lib_timer.o
       116          0          0          0          0       1875   music.o
       458          0         39          1          0       3667   sample.o
        60         26        204          0      29696        968   startup_lpc17xx.o
       714          8          0          4          0       2030   system_lpc17xx.o

    ----------------------------------------------------------------------
     33616         34       1956       3556      30824      87471   Object Totals
         0          0         48          0          0          0   (incl. Generated)
        28          0          0         12         16          0   (incl. Padding)

    ----------------------------------------------------------------------

      Code (inc. data)   RO Data    RW Data    ZI Data      Debug   Library Member Name

        90          0          0          0          0          0   __dczerorl2.o
         8          0          0          0          0         68   __main.o
       392          4         17          0          0         92   __printf_flags_ss_wp.o
        14          0          0          0          0         68   __printf_wp.o
         0          0          0          0          0          0   __rtentry.o
        12          0          0          0          0          0   __rtentry2.o
         6          0          0          0          0          0   __rtentry4.o
        94          8          0          0          0          0   __scatter.o
        28          0          0          0          0          0   __scatter_zi.o
        72          0          0          0          0         96   _c16rtomb.o
         6          0          0          0          0          0   _printf_a.o
         6          0          0          0          0          0   _printf_c.o
        44          0          0          0          0        108   _printf_char.o
        48          6          0          0          0         96   _printf_char_common.o
        40          0          0          0          0         68   _printf_charcount.o
         6          0          0          0          0          0   _printf_d.o
       120         16          0          0          0         92   _printf_dec.o
         6          0          0          0          0          0   _printf_e.o
         6          0          0          0          0          0   _printf_f.o
      1052          0          0          0          0        148   _printf_fp_dec.o
       764          8         38          0          0        100   _printf_fp_hex.o
       128         16          0          0          0         84   _printf_fp_infnan.o
         6          0          0          0          0          0   _printf_g.o
       148          4         40          0          0        160   _printf_hex_int_ll_ptr.o
         6          0          0          0          0          0   _printf_i.o
       178          0          0          0          0         88   _printf_intcommon.o
        10          0          0          0          0          0   _printf_l.o
         6          0          0          0          0          0   _printf_lc.o
        10          0          0          0          0          0   _printf_ll.o
         6          0          0          0          0          0   _printf_lld.o
         6          0          0          0          0          0   _printf_lli.o
         6          0          0          0          0          0   _printf_llo.o
         6          0          0          0          0          0   _printf_llu.o
         6          0          0          0          0          0   _printf_llx.o
       124         16          0          0          0         92   _printf_longlong_dec.o
         6          0          0          0          0          0   _printf_ls.o
         6          0          0          0          0          0   _printf_n.o
         6          0          0          0          0          0   _printf_o.o
       112          8          0          0          0        124   _printf_oct_int_ll.o
         6          0          0          0          0          0   _printf_p.o
        78          0          0          0          0        108   _printf_pad.o
         0          0          0          0          0          0   _printf_percent.o
         4          0          0          0          0          0   _printf_percent_end.o
         6          0          0          0          0          0   _printf_s.o
        82          0          0          0          0         80   _printf_str.o
        36          0          0          0          0         84   _printf_truncate.o
         6          0          0          0          0          0   _printf_u.o
        44          0          0          0          0        108   _printf_wchar.o
       188          6          8          0          0         92   _printf_wctomb.o
         6          0          0          0          0          0   _printf_x.o
        22          0          0          0          0        100   _rserrno.o
        16          0          0          0          0         68   _snputc.o
       228          4        148          0          0         96   bigflt0.o
      1936        128          0          0          0        668   btod.o
        18          0          0          0          0         80   exit.o
         6          0          0          0          0        152   heapauxi.o
         0          0          0          0          0          0   indicate_semi.o
        44         10        272          0          0         76   lc_ctype_c.o
        44         10         28          0          0         76   lc_numeric_c.o
         2          0          0          0          0          0   libinit.o
        34          0          0          0          0          0   libinit2.o
         2          0          0          0          0          0   libshutdown.o
         2          0          0          0          0          0   libshutdown2.o
         8          4          0          0         96         68   libspace.o
       138          0          0          0          0         80   lludiv10.o
       112         18          0          0        228        160   rand.o
        16          4          0          0          0         76   rt_ctype_table.o
         8          4          0          0          0         68   rt_errno_addr_intlibspace.o
         8          4          0          0          0         68   rt_locale_intlibspace.o
         2          0          0          0          0          0   rtexit.o
        10          0          0          0          0          0   rtexit2.o
        64          6          0          0          0         84   snprintf.o
       128          0          0          0          0         68   strcmpv7m.o
        12          4          0          0          0         68   sys_exit.o
        74          0          0          0          0         80   sys_stackheap_outer.o
         2          0          0          0          0         68   use_no_semi.o
        98          4          0          0          0         92   d2f.o
       834         16          0          0          0        372   daddsub_clz.o
        16          4          0          0          0         68   dcheck1.o
        24          0          0          0          0         68   dcmpi.o
       696        140          0          0          0        216   ddiv.o
        46          0          0          0          0         68   dflt_clz.o
       120          4          0          0          0         92   dleqf.o
       340         12          0          0          0        104   dmul.o
       156          4          0          0          0         92   dnaninf.o
        12          0          0          0          0         68   dretinf.o
       108          0          0          0          0         80   drleqf.o
       460         56          0          0          0        120   dsqrt_noumaal.o
        84          0          0          0          0        196   fcmp.o
        24          0          0          0          0         68   fcmpi.o
       104          4          0          0          0         84   feqf.o
       104          4          0          0          0         84   fgeqf.o
       104          4          0          0          0         84   fleqf.o
       140          4          0          0          0         84   fnaninf.o
        10          0          0          0          0         68   fretinf.o
         4          0          0          0          0         68   printf1.o
         4          0          0          0          0         68   printf2.o
       100          0          0          0          0         68   retnan.o
        92          0          0          0          0         68   scalbn.o
        48          0          0          0          0         68   trapv.o
         0          0          0          0          0          0   usenofp.o
        62         10          0          0          0        340   dunder.o
        40          0          0          0          0         68   fpclassify.o
       170          0          0          0          0         96   poly.o
      2540        188        136          0          0        332   pow.o
         0          0          8          0          0          0   qnan.o
        76          0          0          0          0         84   sqrt.o

    ----------------------------------------------------------------------
     13628        742        704          0        324       7528   Library Totals
        30          0          9          0          0          0   (incl. Padding)

    ----------------------------------------------------------------------

      Code (inc. data)   RO Data    RW Data    ZI Data      Debug   Library Name

      6982        288        551          0        324       4160   c_w.l
      3728        256          0          0          0       2448   fz_ws.l
      2888        198        144          0          0        920   m_ws.l

    ----------------------------------------------------------------------
     13628        742        704          0        324       7528   Library Totals

    ----------------------------------------------------------------------

==============================================================================


      Code (inc. data)   RO Data    RW Data    ZI Data      Debug   

     47244        776       2660       3556      31148      90719   Grand Totals
     47244        776       2660        544      31148      90719   ELF Image Totals (compressed)
     47244        776       2660        544          0          0   ROM Totals

==============================================================================

    Total RO  Size (Code + RO Data)                49904 (  48.73kB)
    Total RW  Size (RW Data + ZI Data)             34704 (  33.89kB)
    Total ROM Size (Code + RO Data + RW Data)      50448 (  49.27kB)

==============================================================================

